// Jest Snapshot v1, https://goo.gl/fbAQLP

exports[`numbered-code-snippet Basic renders as expected 1`] = `
<div
  className="relative round z0 scroll-styled scroll-auto"
  style={
    Object {
      "backgroundColor": "#f4f7fb",
      "maxHeight": 450,
    }
  }
>
  <pre
    className="my-neg12 py12 ml-neg12 pl12 mobile-snippet"
  >
    <code
      className="px0 hljs"
    >
      <div
        className="relative z2 h36"
        data-chunk-code="chunk-0"
      >
        <div
          className="wfull bg-blue-faint color-blue pl12 py6 cursor-pointer txt-s h36 flex-parent flex-parent--center-cross"
          onClick={[Function]}
        >
          <div
            className="flex-child"
          >
            <svg
              className="events-none icon"
              focusable="false"
              role="presentation"
              style={
                Object {
                  "height": 12,
                  "width": 12,
                }
              }
            >
              <use
                xlinkHref="#icon-chevron-up"
                xmlnsXlink="http://www.w3.org/1999/xlink"
              />
            </svg>
            <svg
              className="events-none icon"
              focusable="false"
              role="presentation"
              style={
                Object {
                  "height": 12,
                  "width": 12,
                }
              }
            >
              <use
                xlinkHref="#icon-chevron-down"
                xmlnsXlink="http://www.w3.org/1999/xlink"
              />
            </svg>
          </div>
          <div
            className="flex-child ml12"
          >
            Show hidden lines
          </div>
        </div>
      </div>
      <div
        className="relative z2"
        data-chunk-code="chunk-1"
      >
        <div
          className="pr12 py3"
          style={
            Object {
              "paddingLeft": 12,
            }
          }
        >
          <div
            className="absolute fl color-gray align-r pr6 w30 py3"
            data-content={2}
            style={
              Object {
                "marginLeft": -6,
                "marginTop": -3,
              }
            }
            unselectable="on"
          />
          <div
            dangerouslySetInnerHTML={
              Object {
                "__html": "<span class=\\"token keyword\\">let</span> layer <span class=\\"token operator\\">=</span> style<span class=\\"token punctuation\\">.</span><span class=\\"token function\\">layer</span><span class=\\"token punctuation\\">(</span>withIdentifier<span class=\\"token punctuation\\">:</span> <span class=\\"token string\\">\\"place-city-sm\\"</span><span class=\\"token punctuation\\">)</span> <span class=\\"token keyword\\">as</span><span class=\\"token operator\\">!</span> <span class=\\"token builtin\\">MGLSymbolStyleLayer</span>",
              }
            }
            style={
              Object {
                "marginLeft": 43.349999999999994,
                "textIndent": -14.45,
              }
            }
          />
        </div>
        <div
          className="pr12 py3"
          style={
            Object {
              "paddingLeft": 12,
            }
          }
        >
          <div
            className="absolute fl color-gray align-r pr6 w30 py3"
            data-content={3}
            style={
              Object {
                "marginLeft": -6,
                "marginTop": -3,
              }
            }
            unselectable="on"
          />
          <div
            dangerouslySetInnerHTML={
              Object {
                "__html": "<span class=\\"token keyword\\">let</span> spanish <span class=\\"token operator\\">=</span> <span class=\\"token function\\">Locale</span><span class=\\"token punctuation\\">(</span>identifier<span class=\\"token punctuation\\">:</span> <span class=\\"token string\\">\\"es\\"</span><span class=\\"token punctuation\\">)</span>",
              }
            }
            style={
              Object {
                "marginLeft": 43.349999999999994,
                "textIndent": -14.45,
              }
            }
          />
        </div>
      </div>
      <div
        className="relative z2 h36"
        data-chunk-code="chunk-2"
      >
        <div
          className="wfull bg-blue-faint color-blue pl12 py6 cursor-pointer txt-s h36 flex-parent flex-parent--center-cross"
          onClick={[Function]}
        >
          <div
            className="flex-child"
          >
            <svg
              className="events-none icon"
              focusable="false"
              role="presentation"
              style={
                Object {
                  "height": 12,
                  "width": 12,
                }
              }
            >
              <use
                xlinkHref="#icon-chevron-up"
                xmlnsXlink="http://www.w3.org/1999/xlink"
              />
            </svg>
            <svg
              className="events-none icon"
              focusable="false"
              role="presentation"
              style={
                Object {
                  "height": 12,
                  "width": 12,
                }
              }
            >
              <use
                xlinkHref="#icon-chevron-down"
                xmlnsXlink="http://www.w3.org/1999/xlink"
              />
            </svg>
          </div>
          <div
            className="flex-child ml12"
          >
            Show hidden lines
          </div>
        </div>
      </div>
    </code>
  </pre>
  <div
    className="bg-lighten50 absolute left right"
    data-chunk-overlay="chunk-1"
    style={
      Object {
        "opacity": 0,
      }
    }
  >
    <div
      className="bg-blue h-full w6"
    />
  </div>
  <div
    className="absolute z3 right mr3 color-white"
    data-chunk-copy="chunk-1"
    style={
      Object {
        "opacity": 0,
        "transition": "opacity 300ms linear",
      }
    }
  />
</div>
`;
