// Jest Snapshot v1, https://goo.gl/fbAQLP

exports[`search Search renders as expected 1`] = `ShallowWrapper {}`;

exports[`search Search with \`disabledModal\` option set renders as expected 1`] = `ShallowWrapper {}`;

exports[`search Search with \`narrow\` option set renders as expected 1`] = `ShallowWrapper {}`;

exports[`search Search with dark background, custom placeholder renders as expected 1`] = `ShallowWrapper {}`;
