// Jest Snapshot v1, https://goo.gl/fbAQLP

exports[`back-top-top-button Basic renders as expected 1`] = `
<div
  className="inline-block"
  onBlur={[Function]}
  onClick={[Function]}
  onFocus={[Function]}
  onKeyDown={[Function]}
>
  <div
    aria-describedby="tooltip-1"
    className="txt-s txt-bold round px6 inline-block cursor-default border border--green-light"
    style={
      Object {
        "backgroundColor": "rgb(232, 245, 238)",
        "color": "rgb(27, 125, 79)",
      }
    }
  >
    Beta
  </div>
  <div
    className="hide-visually"
    id="tooltip-1"
    role="tooltip"
  >
    <div
      className="txt-s wmax120"
    >
      This feature is in public beta and is subject to changes.
    </div>
  </div>
</div>
`;
