// Jest Snapshot v1, https://goo.gl/fbAQLP

exports[`level-indicator Basic renders as expected 1`] = `
<div>
  <div
    className="dr-ui--level-indicator flex flex--center-cross"
  >
    <div
      className="w6 bg-green align-middle mr3"
      style={
        Object {
          "borderRadius": "1px",
          "height": "8px",
        }
      }
    />
    <div
      className="w6 bg-green-light align-middle mr3"
      style={
        Object {
          "borderRadius": "1px",
          "height": "8px",
        }
      }
    />
    <div
      className="w6 bg-green-light align-middle mr3"
      style={
        Object {
          "borderRadius": "1px",
          "height": "8px",
        }
      }
    />
    <div
      className="color-gray ml3"
    >
      Beginner
    </div>
  </div>
  <div
    className="dr-ui--level-indicator flex flex--center-cross"
  >
    <div
      className="w6 bg-orange align-middle mr3"
      style={
        Object {
          "borderRadius": "1px",
          "height": "8px",
        }
      }
    />
    <div
      className="w6 bg-orange align-middle mr3"
      style={
        Object {
          "borderRadius": "1px",
          "height": "8px",
        }
      }
    />
    <div
      className="w6 bg-orange-light align-middle mr3"
      style={
        Object {
          "borderRadius": "1px",
          "height": "8px",
        }
      }
    />
    <div
      className="color-gray ml3"
    >
      Intermediate
    </div>
  </div>
  <div
    className="dr-ui--level-indicator flex flex--center-cross"
  >
    <div
      className="w6 bg-red align-middle mr3"
      style={
        Object {
          "borderRadius": "1px",
          "height": "8px",
        }
      }
    />
    <div
      className="w6 bg-red align-middle mr3"
      style={
        Object {
          "borderRadius": "1px",
          "height": "8px",
        }
      }
    />
    <div
      className="w6 bg-red align-middle mr3"
      style={
        Object {
          "borderRadius": "1px",
          "height": "8px",
        }
      }
    />
    <div
      className="color-gray ml3"
    >
      Advanced
    </div>
  </div>
</div>
`;
