// Jest Snapshot v1, https://goo.gl/fbAQLP

exports[`buildNavigation help glossary is sorted alphabetical 1`] = `
Object {
  "/help/troubleshooting/": Array [
    Object {
      "path": "/help/troubleshooting/access-elevation-data/",
      "title": "Access elevation data",
    },
    Object {
      "path": "/help/troubleshooting/address-geocoding-format-guide/",
      "title": "Address geocoding format guide",
    },
    Object {
      "path": "/help/troubleshooting/adjust-tileset-zoom-extent/",
      "title": "Adjust the zoom extent of your tileset",
    },
    Object {
      "path": "/help/troubleshooting/blank-tiles/",
      "title": "Blank or missing map tiles",
    },
    Object {
      "path": "/help/troubleshooting/mapbox-browser-support/",
      "title": "Browser support",
    },
    Object {
      "path": "/help/troubleshooting/change-language/",
      "title": "Change your map’s label language",
    },
    Object {
      "path": "/help/troubleshooting/collaboration-best-practices/",
      "title": "Collaboration best practices",
    },
    Object {
      "path": "/help/troubleshooting/cors-errors/",
      "title": "CORS errors",
    },
    Object {
      "path": "/help/troubleshooting/csv-upload-errors/",
      "title": "CSV file errors",
    },
    Object {
      "path": "/help/troubleshooting/postgis-data-studio-format/",
      "title": "Get your PostGIS data ready for Mapbox Studio",
    },
    Object {
      "path": "/help/troubleshooting/implementation-support/",
      "title": "How to get support while building with Mapbox",
    },
    Object {
      "path": "/help/troubleshooting/account-lockout/",
      "title": "How to regain access to your account",
    },
    Object {
      "path": "/help/troubleshooting/how-to-use-mapbox-securely/",
      "title": "How to use Mapbox securely",
    },
    Object {
      "path": "/help/troubleshooting/mapbox-gl-js-performance/",
      "title": "Improve the performance of Mapbox GL JS maps",
    },
    Object {
      "path": "/help/troubleshooting/integrate-mapbox-visual-with-power-bi/",
      "title": "Integrate the Mapbox Visual with Microsoft Power BI",
    },
    Object {
      "path": "/help/troubleshooting/private-access-token-android-and-ios/",
      "title": "Keep access tokens private in open source iOS and Android apps",
    },
    Object {
      "path": "/help/troubleshooting/large-data-tippecanoe/",
      "title": "Manage large data files for Mapbox Studio with Tippecanoe",
    },
    Object {
      "path": "/help/troubleshooting/manage-fontstacks/",
      "title": "Manage your fontstacks",
    },
    Object {
      "path": "/help/troubleshooting/manage-tileset-costs/",
      "title": "Manage your tileset processing and tileset hosting costs",
    },
    Object {
      "path": "/help/troubleshooting/streets-v8-migration-guide/",
      "title": "Migrate from Mapbox Streets v7 to v8",
    },
    Object {
      "path": "/help/troubleshooting/migrate-legacy-static-images-api/",
      "title": "Migrating to the modern Static Images API",
    },
    Object {
      "path": "/help/troubleshooting/migrate-legacy-static-tiles-api/",
      "title": "Migrating to the modern Static Tiles API",
    },
    Object {
      "path": "/help/troubleshooting/mobile-offline/",
      "title": "Offline maps",
    },
    Object {
      "path": "/help/troubleshooting/optimize-map-label-placement/",
      "title": "Optimize map label placement",
    },
    Object {
      "path": "/help/troubleshooting/reporting-a-problem/",
      "title": "Report a problem with the map",
    },
    Object {
      "path": "/help/troubleshooting/reduce-tileset-sources/",
      "title": "Source limits in Mapbox Studio styles",
    },
    Object {
      "path": "/help/troubleshooting/transfer-styles-between-accounts/",
      "title": "Transfer styles between accounts",
    },
    Object {
      "path": "/help/troubleshooting/transition-from-mapbox-js-to-mapbox-gl-js/",
      "title": "Transition from Mapbox.js to Mapbox GL JS",
    },
    Object {
      "path": "/help/troubleshooting/raster-transparency-issues/",
      "title": "Troubleshoot raster image with black background",
    },
    Object {
      "path": "/help/troubleshooting/ios-sdk-submission/",
      "title": "Troubleshooting App Store submission with the Mapbox Maps SDK for iOS",
    },
    Object {
      "path": "/help/troubleshooting/ios-sdk-installation/",
      "title": "Troubleshooting Mapbox Maps SDK for iOS installation",
    },
    Object {
      "path": "/help/troubleshooting/studio-svg-upload-errors/",
      "title": "Troubleshooting SVG image errors in Mapbox Studio",
    },
    Object {
      "path": "/help/troubleshooting/android-apk-size/",
      "title": "Understanding Android APK size",
    },
    Object {
      "path": "/help/troubleshooting/ios-framework-size/",
      "title": "Understanding iOS framework size",
    },
    Object {
      "path": "/help/troubleshooting/uploads/",
      "title": "Upload data to Mapbox",
    },
    Object {
      "path": "/help/troubleshooting/use-custom-mapbox-styles-in-tableau/",
      "title": "Use custom Mapbox styles in Tableau",
    },
    Object {
      "path": "/help/troubleshooting/using-recolorable-images-in-mapbox-maps/",
      "title": "Using recolorable images in Mapbox maps",
    },
    Object {
      "path": "/help/troubleshooting/firewalls/",
      "title": "Working with firewalls",
    },
    Object {
      "path": "/help/troubleshooting/working-with-large-geojson-data/",
      "title": "Working with large GeoJSON sources in Mapbox GL JS",
    },
  ],
  "/help/tutorials/": Array [
    Object {
      "path": "/help/tutorials/add-3d-buildings-studio/",
      "title": "Add 3D buildings to a Mapbox Studio style",
    },
    Object {
      "path": "/help/tutorials/arcgis-online-mapbox-basemap/",
      "title": "Add a Mapbox Studio style as a basemap in ArcGIS Online",
    },
    Object {
      "path": "/help/tutorials/carto/",
      "title": "Add a Mapbox style to a CARTO map",
    },
    Object {
      "path": "/help/tutorials/custom-markers-gl-js/",
      "title": "Add custom markers in Mapbox GL JS",
    },
    Object {
      "path": "/help/tutorials/mapbox-arcgis-qgis/",
      "title": "Add Mapbox maps as layers in ArcGIS and QGIS with WMTS",
    },
    Object {
      "path": "/help/tutorials/markers/",
      "title": "Add markers to a map",
    },
    Object {
      "path": "/help/tutorials/overpass-turbo/",
      "title": "Add OpenStreetMap data to your Mapbox project",
    },
    Object {
      "path": "/help/tutorials/add-points-pt-1/",
      "title": "Add points to a web map, part 1: create a dataset",
    },
    Object {
      "path": "/help/tutorials/add-points-pt-2/",
      "title": "Add points to a web map, part 2: create a style",
    },
    Object {
      "path": "/help/tutorials/add-points-pt-3/",
      "title": "Add points to a web map, part 3: add interactivity",
    },
    Object {
      "path": "/help/tutorials/analysis-with-turf/",
      "title": "Analyze data with Turf.js and Mapbox GL JS",
    },
    Object {
      "path": "/help/tutorials/analysis-with-turf-mapbox-js/",
      "title": "Analyze data with Turf.js and Mapbox.js",
    },
    Object {
      "path": "/help/tutorials/android-vision-ar-customization/",
      "title": "AR customization using Mapbox Vision SDK for Android",
    },
    Object {
      "path": "/help/tutorials/ios-vision-ar-customization/",
      "title": "AR customization using Mapbox Vision SDK for iOS",
    },
    Object {
      "path": "/help/tutorials/android-navigation-sdk/",
      "title": "Build a navigation app for Android",
    },
    Object {
      "path": "/help/tutorials/ios-navigation-sdk/",
      "title": "Build a navigation app for iOS",
    },
    Object {
      "path": "/help/tutorials/building-a-store-locator/",
      "title": "Build a store locator using Mapbox GL JS",
    },
    Object {
      "path": "/help/tutorials/building-a-store-locator-js/",
      "title": "Build a store locator using Mapbox.js",
    },
    Object {
      "path": "/help/tutorials/indoor-floorplans/",
      "title": "Build indoor floorplans with Mapbox",
    },
    Object {
      "path": "/help/tutorials/android-global-china-mix/",
      "title": "Build one set of code for China and global map styles",
    },
    Object {
      "path": "/help/tutorials/create-a-custom-style/",
      "title": "Create a custom style",
    },
    Object {
      "path": "/help/tutorials/create-a-map-in-unity/",
      "title": "Create a map in Unity",
    },
    Object {
      "path": "/help/tutorials/ios-swiftui/",
      "title": "Create a map view compatible with SwiftUI",
    },
    Object {
      "path": "/help/tutorials/create-a-timezone-finder-with-mapbox-tilequery-api/",
      "title": "Create a timezone finder with Mapbox Tilequery API",
    },
    Object {
      "path": "/help/tutorials/power-bi/",
      "title": "Create data visualizations with the Mapbox Visual for Power BI",
    },
    Object {
      "path": "/help/tutorials/create-interactive-hover-effects-with-mapbox-gl-js/",
      "title": "Create interactive hover effects with Mapbox GL JS",
    },
    Object {
      "path": "/help/tutorials/get-started-tokens-api/",
      "title": "Creating access tokens with the Tokens API",
    },
    Object {
      "path": "/help/tutorials/android-vision-custom-detections-tutorial/",
      "title": "Custom detections using Mapbox Vision SDK for Android",
    },
    Object {
      "path": "/help/tutorials/unity-custom-map-style/",
      "title": "Custom map styles in Unity",
    },
    Object {
      "path": "/help/tutorials/customize-label-text/",
      "title": "Customize label text for a single label",
    },
    Object {
      "path": "/help/tutorials/android-dds-circle-layer/",
      "title": "Data-driven styling for Android",
    },
    Object {
      "path": "/help/tutorials/data-joins-with-mapbox-boundaries/",
      "title": "Data-joins with Mapbox Boundaries",
    },
    Object {
      "path": "/help/tutorials/android-vision-poi-drawing/",
      "title": "Draw points of interest using the Mapbox Vision SDK for Android",
    },
    Object {
      "path": "/help/tutorials/ios-vision-poi-drawing/",
      "title": "Draw points of interest using the Mapbox Vision SDK for iOS",
    },
    Object {
      "path": "/help/tutorials/ios-vision-safety-alerts/",
      "title": "Draw safety alerts using the Mapbox Vision SDK for iOS",
    },
    Object {
      "path": "/help/tutorials/extend-mapbox-boundaries/",
      "title": "Extend Mapbox Boundaries",
    },
    Object {
      "path": "/help/tutorials/extending-interactivity/",
      "title": "Extend with Mapbox.js",
    },
    Object {
      "path": "/help/tutorials/find-elevations-with-tilequery-api/",
      "title": "Find elevations with the Tilequery API",
    },
    Object {
      "path": "/help/tutorials/first-steps-android-sdk/",
      "title": "First steps with the Mapbox Maps SDK for Android",
    },
    Object {
      "path": "/help/tutorials/first-steps-ios-sdk/",
      "title": "First steps with the Mapbox Maps SDK for iOS",
    },
    Object {
      "path": "/help/tutorials/optimization-api/",
      "title": "Generate an optimized route with the Optimization API",
    },
    Object {
      "path": "/help/tutorials/georeferencing-imagery/",
      "title": "Georeference imagery",
    },
    Object {
      "path": "/help/tutorials/get-started-mts-and-tilesets-cli/",
      "title": "Get started using Mapbox Tiling Service and the Tilesets CLI",
    },
    Object {
      "path": "/help/tutorials/ios-dds-circle-layer/",
      "title": "Get started with expressions using the Mapbox Maps SDK for iOS",
    },
    Object {
      "path": "/help/tutorials/get-started-mapbox-boundaries/",
      "title": "Get started with Mapbox Boundaries",
    },
    Object {
      "path": "/help/tutorials/get-started-mapbox-boundaries-v1/",
      "title": "Get started with Mapbox Boundaries v1",
    },
    Object {
      "path": "/help/tutorials/get-started-mapbox-boundaries-v2/",
      "title": "Get started with Mapbox Boundaries v2",
    },
    Object {
      "path": "/help/tutorials/mapbox-gl-js-expressions/",
      "title": "Get started with Mapbox GL JS expressions",
    },
    Object {
      "path": "/help/tutorials/get-started-isochrone-api/",
      "title": "Get started with the Isochrone API",
    },
    Object {
      "path": "/help/tutorials/get-started-map-matching-api/",
      "title": "Get started with the Map Matching API",
    },
    Object {
      "path": "/help/tutorials/getting-started-directions-api/",
      "title": "Getting started with the Mapbox Directions API",
    },
    Object {
      "path": "/help/tutorials/improve-perceived-performance-with-static/",
      "title": "Improve perceived performance of Mapbox GL JS using the Static Images API",
    },
    Object {
      "path": "/help/tutorials/local-search-geocoding-api/",
      "title": "Local search with the Geocoding API",
    },
    Object {
      "path": "/help/tutorials/power-bi-choropleth-map/",
      "title": "Make a choropleth map with the Mapbox Visual for Power BI",
    },
    Object {
      "path": "/help/tutorials/choropleth-studio-gl-pt-1/",
      "title": "Make a choropleth map, part 1: create a style",
    },
    Object {
      "path": "/help/tutorials/choropleth-studio-gl-pt-2/",
      "title": "Make a choropleth map, part 2: add interactivity",
    },
    Object {
      "path": "/help/tutorials/tilequery-healthy-food-finder/",
      "title": "Make a healthy food finder with the Tilequery API",
    },
    Object {
      "path": "/help/tutorials/make-a-heatmap-with-mapbox-gl-js/",
      "title": "Make a heatmap with Mapbox GL JS",
    },
    Object {
      "path": "/help/tutorials/studio-heatmap-tutorial/",
      "title": "Make a heatmap with Mapbox Studio",
    },
    Object {
      "path": "/help/tutorials/point-in-polygon-query-with-mapbox-boundaries/",
      "title": "Point-in-polygon query with Mapbox Boundaries",
    },
    Object {
      "path": "/help/tutorials/processing-satellite-imagery/",
      "title": "Processing satellite imagery",
    },
    Object {
      "path": "/help/tutorials/route-avoidance-with-turf-mapbox-directions/",
      "title": "Route avoidance with the Directions API and Turf.js",
    },
    Object {
      "path": "/help/tutorials/android-runtime-styling-intro/",
      "title": "Runtime styling for Android",
    },
    Object {
      "path": "/help/tutorials/show-changes-over-time/",
      "title": "Show changes over time with Mapbox GL JS",
    },
    Object {
      "path": "/help/tutorials/geocode-and-sort-stores/",
      "title": "Sort stores by distance",
    },
    Object {
      "path": "/help/tutorials/style-single-country/",
      "title": "Style a single country",
    },
    Object {
      "path": "/help/tutorials/google-to-mapbox/",
      "title": "Switch from Google Maps to Mapbox",
    },
    Object {
      "path": "/help/tutorials/android-location-listening/",
      "title": "Tracking device location for Android",
    },
    Object {
      "path": "/help/tutorials/upload-curl/",
      "title": "Upload to Mapbox using cURL",
    },
    Object {
      "path": "/help/tutorials/use-mapbox-gl-js-with-react/",
      "title": "Use Mapbox GL JS in a React app",
    },
    Object {
      "path": "/help/tutorials/mapbox-with-openlayers/",
      "title": "Use Mapbox with OpenLayers",
    },
    Object {
      "path": "/help/tutorials/use-mapbox-js-as-fallback/",
      "title": "Use Mapbox.js as a fallback",
    },
    Object {
      "path": "/help/tutorials/android-vision-sdk-usb-camera/",
      "title": "Use the Mapbox Vision SDK for Android with an external USB camera",
    },
    Object {
      "path": "/help/tutorials/geofencing-with-isochrones-and-tilesets/",
      "title": "Using geofences for location-based notifications and events",
    },
    Object {
      "path": "/help/tutorials/static-images-style-params/",
      "title": "Using style parameters with the Static Images API",
    },
    Object {
      "path": "/help/tutorials/add-gradient-route-line-video/",
      "title": "Video: Add a gradient route line to a map",
    },
    Object {
      "path": "/help/tutorials/customize-label-text-video/",
      "title": "Video: Customize or hide text for a single label",
    },
    Object {
      "path": "/help/tutorials/update-studio-classic-style-video/",
      "title": "Video: Recreate a classic style in modern Mapbox Studio",
    },
    Object {
      "path": "/help/tutorials/markers-js/",
      "title": "Work with markers in Mapbox.js",
    },
  ],
}
`;

exports[`buildNavigation hideFromNav, removes items 1`] = `
Object {
  "accordion": Object {},
  "hierarchy": Object {
    "/dr-ui/level-one/": Object {
      "parent": "/dr-ui/level-one/",
      "title": "Top page",
    },
    "/dr-ui/level-one/a/": Object {
      "parent": "/dr-ui/level-one/",
      "title": "Top page",
    },
    "/dr-ui/level-one/b/": Object {
      "parent": "/dr-ui/level-one/",
      "title": "Top page",
    },
  },
  "navTabs": Array [
    Object {
      "href": "/dr-ui/level-one/",
      "id": "/dr-ui/level-one/",
      "label": "Top page",
    },
  ],
}
`;

exports[`buildNavigation multi structure 1`] = `
Object {
  "beta/navigation": Object {
    "accordion": Object {
      "/docs-starter-kit/beta/navigation/specification/": Array [
        Object {
          "path": "/docs-starter-kit/beta/navigation/specification/",
          "title": "Specification",
        },
      ],
    },
    "navTabs": Array [
      Object {
        "href": "/docs-starter-kit/beta/navigation/overview/",
        "id": "/docs-starter-kit/beta/navigation/overview/",
        "label": "Overview",
      },
      Object {
        "href": "/docs-starter-kit/beta/navigation/specification/",
        "id": "/docs-starter-kit/beta/navigation/specification/",
        "label": "Specification",
      },
      Object {
        "href": "/docs-starter-kit/beta/navigation/examples/",
        "id": "/docs-starter-kit/beta/navigation/examples/",
        "label": "Examples",
      },
    ],
    "path": "beta/navigation",
    "tag": "beta",
    "title": "Beta Navigation SDK for iOS",
  },
  "hierarchy": Object {
    "/docs-starter-kit/beta/navigation/examples/": Object {
      "parent": "/docs-starter-kit/beta/navigation/examples/",
      "section": Object {
        "path": "beta/navigation",
        "title": "Beta Navigation SDK for iOS",
      },
      "title": "Examples",
    },
    "/docs-starter-kit/beta/navigation/examples/example-1/": Object {
      "parent": "/docs-starter-kit/beta/navigation/examples/",
      "section": Object {
        "path": "beta/navigation",
        "title": "Beta Navigation SDK for iOS",
      },
      "title": "Examples",
    },
    "/docs-starter-kit/beta/navigation/examples/example-2/": Object {
      "parent": "/docs-starter-kit/beta/navigation/examples/",
      "section": Object {
        "path": "beta/navigation",
        "title": "Beta Navigation SDK for iOS",
      },
      "title": "Examples",
    },
    "/docs-starter-kit/beta/navigation/examples/example-3/": Object {
      "parent": "/docs-starter-kit/beta/navigation/examples/",
      "section": Object {
        "path": "beta/navigation",
        "title": "Beta Navigation SDK for iOS",
      },
      "title": "Examples",
    },
    "/docs-starter-kit/beta/navigation/overview/": Object {
      "parent": "/docs-starter-kit/beta/navigation/overview/",
      "section": Object {
        "path": "beta/navigation",
        "title": "Beta Navigation SDK for iOS",
      },
      "title": "Overview",
    },
    "/docs-starter-kit/beta/navigation/overview/constants/": Object {
      "parent": "/docs-starter-kit/beta/navigation/overview/",
      "section": Object {
        "path": "beta/navigation",
        "title": "Beta Navigation SDK for iOS",
      },
      "title": "Overview",
    },
    "/docs-starter-kit/beta/navigation/overview/frontmatter/": Object {
      "parent": "/docs-starter-kit/beta/navigation/overview/",
      "section": Object {
        "path": "beta/navigation",
        "title": "Beta Navigation SDK for iOS",
      },
      "title": "Overview",
    },
    "/docs-starter-kit/beta/navigation/overview/images/": Object {
      "parent": "/docs-starter-kit/beta/navigation/overview/",
      "section": Object {
        "path": "beta/navigation",
        "title": "Beta Navigation SDK for iOS",
      },
      "title": "Overview",
    },
    "/docs-starter-kit/beta/navigation/overview/layouts/": Object {
      "parent": "/docs-starter-kit/beta/navigation/overview/",
      "section": Object {
        "path": "beta/navigation",
        "title": "Beta Navigation SDK for iOS",
      },
      "title": "Overview",
    },
    "/docs-starter-kit/beta/navigation/overview/navigation/": Object {
      "parent": "/docs-starter-kit/beta/navigation/overview/",
      "section": Object {
        "path": "beta/navigation",
        "title": "Beta Navigation SDK for iOS",
      },
      "title": "Overview",
    },
    "/docs-starter-kit/beta/navigation/specification/": Object {
      "parent": "/docs-starter-kit/beta/navigation/specification/",
      "section": Object {
        "path": "beta/navigation",
        "title": "Beta Navigation SDK for iOS",
      },
      "title": "Specification",
    },
    "/docs-starter-kit/maps/examples/": Object {
      "parent": "/docs-starter-kit/maps/examples/",
      "section": Object {
        "path": "maps",
        "title": "Maps SDK for iOS",
      },
      "title": "Examples",
    },
    "/docs-starter-kit/maps/examples/example-1/": Object {
      "parent": "/docs-starter-kit/maps/examples/",
      "section": Object {
        "path": "maps",
        "title": "Maps SDK for iOS",
      },
      "title": "Examples",
    },
    "/docs-starter-kit/maps/examples/example-2/": Object {
      "parent": "/docs-starter-kit/maps/examples/",
      "section": Object {
        "path": "maps",
        "title": "Maps SDK for iOS",
      },
      "title": "Examples",
    },
    "/docs-starter-kit/maps/examples/example-3/": Object {
      "parent": "/docs-starter-kit/maps/examples/",
      "section": Object {
        "path": "maps",
        "title": "Maps SDK for iOS",
      },
      "title": "Examples",
    },
    "/docs-starter-kit/maps/overview/": Object {
      "parent": "/docs-starter-kit/maps/overview/",
      "section": Object {
        "path": "maps",
        "title": "Maps SDK for iOS",
      },
      "title": "Overview",
    },
    "/docs-starter-kit/maps/overview/constants/": Object {
      "parent": "/docs-starter-kit/maps/overview/",
      "section": Object {
        "path": "maps",
        "title": "Maps SDK for iOS",
      },
      "title": "Overview",
    },
    "/docs-starter-kit/maps/overview/frontmatter/": Object {
      "parent": "/docs-starter-kit/maps/overview/",
      "section": Object {
        "path": "maps",
        "title": "Maps SDK for iOS",
      },
      "title": "Overview",
    },
    "/docs-starter-kit/maps/overview/images/": Object {
      "parent": "/docs-starter-kit/maps/overview/",
      "section": Object {
        "path": "maps",
        "title": "Maps SDK for iOS",
      },
      "title": "Overview",
    },
    "/docs-starter-kit/maps/overview/layouts/": Object {
      "parent": "/docs-starter-kit/maps/overview/",
      "section": Object {
        "path": "maps",
        "title": "Maps SDK for iOS",
      },
      "title": "Overview",
    },
    "/docs-starter-kit/maps/overview/navigation/": Object {
      "parent": "/docs-starter-kit/maps/overview/",
      "section": Object {
        "path": "maps",
        "title": "Maps SDK for iOS",
      },
      "title": "Overview",
    },
    "/docs-starter-kit/maps/specification/": Object {
      "parent": "/docs-starter-kit/maps/specification/",
      "section": Object {
        "path": "maps",
        "title": "Maps SDK for iOS",
      },
      "title": "Specification",
    },
    "/docs-starter-kit/navigation/examples/": Object {
      "parent": "/docs-starter-kit/navigation/examples/",
      "section": Object {
        "path": "navigation",
        "title": "Navigation SDK for iOS",
      },
      "title": "Examples",
    },
    "/docs-starter-kit/navigation/examples/example-1/": Object {
      "parent": "/docs-starter-kit/navigation/examples/",
      "section": Object {
        "path": "navigation",
        "title": "Navigation SDK for iOS",
      },
      "title": "Examples",
    },
    "/docs-starter-kit/navigation/examples/example-2/": Object {
      "parent": "/docs-starter-kit/navigation/examples/",
      "section": Object {
        "path": "navigation",
        "title": "Navigation SDK for iOS",
      },
      "title": "Examples",
    },
    "/docs-starter-kit/navigation/examples/example-3/": Object {
      "parent": "/docs-starter-kit/navigation/examples/",
      "section": Object {
        "path": "navigation",
        "title": "Navigation SDK for iOS",
      },
      "title": "Examples",
    },
    "/docs-starter-kit/navigation/overview/": Object {
      "parent": "/docs-starter-kit/navigation/overview/",
      "section": Object {
        "path": "navigation",
        "title": "Navigation SDK for iOS",
      },
      "title": "Overview",
    },
    "/docs-starter-kit/navigation/overview/constants/": Object {
      "parent": "/docs-starter-kit/navigation/overview/",
      "section": Object {
        "path": "navigation",
        "title": "Navigation SDK for iOS",
      },
      "title": "Overview",
    },
    "/docs-starter-kit/navigation/overview/frontmatter/": Object {
      "parent": "/docs-starter-kit/navigation/overview/",
      "section": Object {
        "path": "navigation",
        "title": "Navigation SDK for iOS",
      },
      "title": "Overview",
    },
    "/docs-starter-kit/navigation/overview/images/": Object {
      "parent": "/docs-starter-kit/navigation/overview/",
      "section": Object {
        "path": "navigation",
        "title": "Navigation SDK for iOS",
      },
      "title": "Overview",
    },
    "/docs-starter-kit/navigation/overview/layouts/": Object {
      "parent": "/docs-starter-kit/navigation/overview/",
      "section": Object {
        "path": "navigation",
        "title": "Navigation SDK for iOS",
      },
      "title": "Overview",
    },
    "/docs-starter-kit/navigation/overview/navigation/": Object {
      "parent": "/docs-starter-kit/navigation/overview/",
      "section": Object {
        "path": "navigation",
        "title": "Navigation SDK for iOS",
      },
      "title": "Overview",
    },
    "/docs-starter-kit/navigation/specification/": Object {
      "parent": "/docs-starter-kit/navigation/specification/",
      "section": Object {
        "path": "navigation",
        "title": "Navigation SDK for iOS",
      },
      "title": "Specification",
    },
    "/docs-starter-kit/vision/examples/": Object {
      "parent": "/docs-starter-kit/vision/examples/",
      "section": Object {
        "path": "vision",
        "title": "Vision SDK for iOS",
      },
      "title": "Examples",
    },
    "/docs-starter-kit/vision/examples/example-1/": Object {
      "parent": "/docs-starter-kit/vision/examples/",
      "section": Object {
        "path": "vision",
        "title": "Vision SDK for iOS",
      },
      "title": "Examples",
    },
    "/docs-starter-kit/vision/examples/example-2/": Object {
      "parent": "/docs-starter-kit/vision/examples/",
      "section": Object {
        "path": "vision",
        "title": "Vision SDK for iOS",
      },
      "title": "Examples",
    },
    "/docs-starter-kit/vision/examples/example-3/": Object {
      "parent": "/docs-starter-kit/vision/examples/",
      "section": Object {
        "path": "vision",
        "title": "Vision SDK for iOS",
      },
      "title": "Examples",
    },
    "/docs-starter-kit/vision/overview/": Object {
      "parent": "/docs-starter-kit/vision/overview/",
      "section": Object {
        "path": "vision",
        "title": "Vision SDK for iOS",
      },
      "title": "Overview",
    },
    "/docs-starter-kit/vision/overview/constants/": Object {
      "parent": "/docs-starter-kit/vision/overview/",
      "section": Object {
        "path": "vision",
        "title": "Vision SDK for iOS",
      },
      "title": "Overview",
    },
    "/docs-starter-kit/vision/overview/frontmatter/": Object {
      "parent": "/docs-starter-kit/vision/overview/",
      "section": Object {
        "path": "vision",
        "title": "Vision SDK for iOS",
      },
      "title": "Overview",
    },
    "/docs-starter-kit/vision/overview/images/": Object {
      "parent": "/docs-starter-kit/vision/overview/",
      "section": Object {
        "path": "vision",
        "title": "Vision SDK for iOS",
      },
      "title": "Overview",
    },
    "/docs-starter-kit/vision/overview/layouts/": Object {
      "parent": "/docs-starter-kit/vision/overview/",
      "section": Object {
        "path": "vision",
        "title": "Vision SDK for iOS",
      },
      "title": "Overview",
    },
    "/docs-starter-kit/vision/overview/navigation/": Object {
      "parent": "/docs-starter-kit/vision/overview/",
      "section": Object {
        "path": "vision",
        "title": "Vision SDK for iOS",
      },
      "title": "Overview",
    },
    "/docs-starter-kit/vision/specification/": Object {
      "parent": "/docs-starter-kit/vision/specification/",
      "section": Object {
        "path": "vision",
        "title": "Vision SDK for iOS",
      },
      "title": "Specification",
    },
  },
  "maps": Object {
    "accordion": Object {
      "/docs-starter-kit/maps/specification/": Array [
        Object {
          "path": "/docs-starter-kit/maps/specification/",
          "title": "Specification",
        },
      ],
    },
    "navTabs": Array [
      Object {
        "href": "/docs-starter-kit/maps/overview/",
        "id": "/docs-starter-kit/maps/overview/",
        "label": "Overview",
      },
      Object {
        "href": "/docs-starter-kit/maps/specification/",
        "id": "/docs-starter-kit/maps/specification/",
        "label": "Specification",
      },
      Object {
        "href": "/docs-starter-kit/maps/examples/",
        "id": "/docs-starter-kit/maps/examples/",
        "label": "Examples",
      },
    ],
    "path": "maps",
    "title": "Maps SDK for iOS",
  },
  "navigation": Object {
    "accordion": Object {
      "/docs-starter-kit/navigation/specification/": Array [
        Object {
          "path": "/docs-starter-kit/navigation/specification/",
          "title": "Specification",
        },
      ],
    },
    "navTabs": Array [
      Object {
        "href": "/docs-starter-kit/navigation/overview/",
        "id": "/docs-starter-kit/navigation/overview/",
        "label": "Overview",
      },
      Object {
        "href": "/docs-starter-kit/navigation/specification/",
        "id": "/docs-starter-kit/navigation/specification/",
        "label": "Specification",
      },
      Object {
        "href": "/docs-starter-kit/navigation/examples/",
        "id": "/docs-starter-kit/navigation/examples/",
        "label": "Examples",
      },
    ],
    "path": "navigation",
    "title": "Navigation SDK for iOS",
  },
  "vision": Object {
    "accordion": Object {
      "/docs-starter-kit/vision/specification/": Array [
        Object {
          "path": "/docs-starter-kit/vision/specification/",
          "title": "Specification",
        },
      ],
    },
    "navTabs": Array [
      Object {
        "href": "/docs-starter-kit/vision/overview/",
        "id": "/docs-starter-kit/vision/overview/",
        "label": "Overview",
      },
      Object {
        "href": "/docs-starter-kit/vision/specification/",
        "id": "/docs-starter-kit/vision/specification/",
        "label": "Specification",
      },
      Object {
        "href": "/docs-starter-kit/vision/examples/",
        "id": "/docs-starter-kit/vision/examples/",
        "label": "Examples",
      },
    ],
    "path": "vision",
    "title": "Vision SDK for iOS",
  },
}
`;

exports[`buildNavigation single structure 1`] = `
Object {
  "accordion": Object {
    "/dr-ui/components/": Array [
      Object {
        "path": "/dr-ui/components/",
        "title": "Components",
      },
    ],
    "/dr-ui/guides/overview/": Array [
      Object {
        "path": "/dr-ui/guides/overview/",
        "title": "Guides",
      },
      Object {
        "path": "/dr-ui/guides/overview/batfish-helpers/",
        "title": "Batfish helpers",
      },
      Object {
        "path": "/dr-ui/guides/overview/page-layout/",
        "title": "PageLayout component",
      },
      Object {
        "path": "/dr-ui/guides/overview/multi-structured/",
        "title": "Multi-structured sites",
      },
    ],
  },
  "hierarchy": Object {
    "/dr-ui/components/": Object {
      "parent": "/dr-ui/components/",
      "title": "Components",
    },
    "/dr-ui/examples/": Object {
      "parent": "/dr-ui/examples/",
      "title": "Examples",
    },
    "/dr-ui/examples/example-1/": Object {
      "parent": "/dr-ui/examples/",
      "title": "Examples",
    },
    "/dr-ui/examples/example-2/": Object {
      "parent": "/dr-ui/examples/",
      "title": "Examples",
    },
    "/dr-ui/examples/example-3/": Object {
      "parent": "/dr-ui/examples/",
      "title": "Examples",
    },
    "/dr-ui/guides/overview/": Object {
      "parent": "/dr-ui/guides/overview/",
      "title": "Guides",
    },
    "/dr-ui/guides/overview/batfish-helpers/": Object {
      "parent": "/dr-ui/guides/overview/",
      "title": "Guides",
    },
    "/dr-ui/guides/overview/multi-structured/": Object {
      "parent": "/dr-ui/guides/overview/",
      "title": "Guides",
    },
    "/dr-ui/guides/overview/page-layout/": Object {
      "parent": "/dr-ui/guides/overview/",
      "title": "Guides",
    },
    "/dr-ui/help/": Object {
      "parent": "/dr-ui/help/",
      "title": "Help",
    },
  },
  "navTabs": Array [
    Object {
      "href": "/dr-ui/components/",
      "id": "/dr-ui/components/",
      "label": "Components",
    },
    Object {
      "href": "/dr-ui/guides/overview/",
      "id": "/dr-ui/guides/overview/",
      "label": "Guides",
    },
    Object {
      "href": "/dr-ui/examples/",
      "id": "/dr-ui/examples/",
      "label": "Examples",
    },
    Object {
      "href": "/dr-ui/help/",
      "id": "/dr-ui/help/",
      "label": "Help",
    },
  ],
}
`;
