// Jest Snapshot v1, https://goo.gl/fbAQLP

exports[`buildNavigation help glossary is sorted alphabetical 1`] = `
Array [
  Object {
    "id": "how-mapbox-works",
    "navOrder": 2,
    "pages": Array [
      Object {
        "description": "Learn how access tokens work and how to create and manage your access tokens.",
        "layout": "page",
        "order": 2,
        "path": "/help/how-mapbox-works/access-tokens/",
        "title": "Access tokens",
      },
      Object {
        "description": "Learn when, why, and how you are required to add attribution to applications built with Mapbox.",
        "layout": "page",
        "order": 3,
        "path": "/help/how-mapbox-works/attribution/",
        "title": "Attribution",
      },
      Object {
        "description": "Learn how datasets work and how to create geospatial data from scratch using Mapbox.",
        "layout": "page",
        "order": 4,
        "path": "/help/how-mapbox-works/creating-data/",
        "title": "Create new data",
      },
      Object {
        "description": "Learn how Mapbox’s directions services work and how to add directions services to applications across platforms.",
        "layout": "page",
        "order": 5,
        "path": "/help/how-mapbox-works/directions/",
        "title": "Directions",
      },
      Object {
        "description": "Learn how geocoding works and how to use geocoding in your next Mapbox project.",
        "layout": "page",
        "order": 6,
        "path": "/help/how-mapbox-works/geocoding/",
        "title": "Geocoding",
      },
      Object {
        "description": "Learn how spatial analysis with Turf works and how to use Turf in your web application.",
        "layout": "page",
        "order": 7,
        "path": "/help/how-mapbox-works/geospatial-analysis/",
        "title": "Spatial analysis",
      },
      Object {
        "description": "Learn how Mapbox styles work and where you can go to learn more and get started designing your map.",
        "layout": "page",
        "order": 8,
        "path": "/help/how-mapbox-works/map-design/",
        "title": "Map design",
      },
      Object {
        "description": "Learn about Mapbox’s map data, where it comes from, and how you can leverage it in your next project.",
        "layout": "page",
        "order": 9,
        "path": "/help/how-mapbox-works/mapbox-data/",
        "title": "Our map data",
      },
      Object {
        "description": "Learn how the Mapbox mobile SDKs work and how to add Mapbox maps to a mobile application.",
        "layout": "page",
        "order": 10,
        "path": "/help/how-mapbox-works/mobile-apps/",
        "title": "Mobile applications",
      },
      Object {
        "description": "Learn how satellite imagery works and how to use it in your next Mapbox project.",
        "layout": "page",
        "order": 11,
        "path": "/help/how-mapbox-works/satellite-imagery/",
        "title": "Satellite imagery",
      },
      Object {
        "description": "Learn how the Mapbox Static Images API works and how to create static maps.",
        "layout": "page",
        "order": 12,
        "path": "/help/how-mapbox-works/static-maps/",
        "title": "Static and print maps",
      },
      Object {
        "description": "Learn how the Mapbox Maps SDK for Unity works, how to use it, and how to get started building applications.",
        "layout": "page",
        "order": 13,
        "path": "/help/how-mapbox-works/unity/",
        "title": "Unity applications",
      },
      Object {
        "description": "Learn the difference between tilesets and datasets, how the upload process works, and techniques for uploading.",
        "layout": "page",
        "order": 14,
        "path": "/help/how-mapbox-works/uploading-data/",
        "title": "Upload data",
      },
      Object {
        "description": "Learn how Mapbox’s JavaScript libraries work and how to integrate them into your web applications.",
        "layout": "page",
        "order": 15,
        "path": "/help/how-mapbox-works/web-apps/",
        "title": "Web applications",
      },
    ],
    "path": "/help/how-mapbox-works/",
    "title": "How Mapbox Works",
  },
  Object {
    "id": "tutorials",
    "navOrder": 3,
    "pages": Array [
      Object {
        "description": "Add a 3D building layer to a map style in Mapbox Studio.",
        "layout": "page",
        "path": "/help/tutorials/add-3d-buildings-studio/",
        "title": "Add 3D buildings to a Mapbox Studio style",
      },
      Object {
        "description": "Add your map as a basemap to ArcGIS Online.",
        "layout": "page",
        "path": "/help/tutorials/arcgis-online-mapbox-basemap/",
        "title": "Add a Mapbox Studio style as a basemap in ArcGIS Online",
      },
      Object {
        "description": "Add your map as a basemap to CARTO.",
        "layout": "page",
        "path": "/help/tutorials/carto/",
        "title": "Add a Mapbox style to a CARTO map",
      },
      Object {
        "description": "Add custom HTML markers, style them, and add tooltips with Mapbox GL JS.",
        "layout": "page",
        "path": "/help/tutorials/custom-markers-gl-js/",
        "title": "Add custom markers in Mapbox GL JS",
      },
      Object {
        "description": "Learn how to add Mapbox maps as layers in ArcGIS and QGIS with WMTS.",
        "layout": "page",
        "path": "/help/tutorials/mapbox-arcgis-qgis/",
        "title": "Add Mapbox maps as layers in ArcGIS and QGIS with WMTS",
      },
      Object {
        "description": "There are many ways to add markers to the map. This guide will help you identify the best method for your use case.",
        "layout": "page",
        "path": "/help/tutorials/markers/",
        "title": "Add markers to a map",
      },
      Object {
        "description": "Learn how to export OpenStreetMap data to be used in your Mapbox project.",
        "layout": "page",
        "path": "/help/tutorials/overpass-turbo/",
        "title": "Add OpenStreetMap data to your Mapbox project",
      },
      Object {
        "description": "Create a new dataset containing points.",
        "layout": "page",
        "path": "/help/tutorials/add-points-pt-1/",
        "title": "Add points to a web map, part 1: create a dataset",
      },
      Object {
        "description": "Add a tileset to a template style and upload custom icons in Mapbox Studio.",
        "layout": "page",
        "path": "/help/tutorials/add-points-pt-2/",
        "title": "Add points to a web map, part 2: create a style",
      },
      Object {
        "description": "Add popups when markers are clicked using Mapbox GL JS.",
        "layout": "page",
        "path": "/help/tutorials/add-points-pt-3/",
        "title": "Add points to a web map, part 3: add interactivity",
      },
      Object {
        "description": "Using Turf.js, add spatial analysis to our map to solve problems. This guide walks through an example of Turf.js and Mapbox GL JS in a real-world context.",
        "layout": "page",
        "path": "/help/tutorials/analysis-with-turf/",
        "title": "Analyze data with Turf.js and Mapbox GL JS",
      },
      Object {
        "description": "Using Turf.js, you can add some spatial analysis to your map to solve problems. This guide walks through an example of Turf.js and Mapbox.js in a real-world context.",
        "layout": "page",
        "path": "/help/tutorials/analysis-with-turf-mapbox-js/",
        "title": "Analyze data with Turf.js and Mapbox.js",
      },
      Object {
        "description": "Use the Mapbox Vision SDK for Android to add AR navigation to an application and customize some visual elements.",
        "layout": "page",
        "path": "/help/tutorials/android-vision-ar-customization/",
        "title": "AR customization using Mapbox Vision SDK for Android",
      },
      Object {
        "description": "Use the Mapbox Vision SDK for iOS to add AR navigation to an application and customize some visual elements.",
        "layout": "page",
        "path": "/help/tutorials/ios-vision-ar-customization/",
        "title": "AR customization using Mapbox Vision SDK for iOS",
      },
      Object {
        "description": "Integrate navigation into any Android application.",
        "layout": "page",
        "path": "/help/tutorials/android-navigation-sdk/",
        "title": "Build a navigation app for Android",
      },
      Object {
        "description": "Integrate navigation into any iOS application.",
        "layout": "page",
        "path": "/help/tutorials/ios-navigation-sdk/",
        "title": "Build a navigation app for iOS",
      },
      Object {
        "description": "Build a map application with Mapbox GL JS. This guide walks you through all the code that you need to build a store locator.",
        "layout": "page",
        "path": "/help/tutorials/building-a-store-locator/",
        "title": "Build a store locator using Mapbox GL JS",
      },
      Object {
        "description": "Build a map application with Mapbox.js. This guide walks you through all the code that you need to build a store locator.",
        "layout": "page",
        "path": "/help/tutorials/building-a-store-locator-js/",
        "title": "Build a store locator using Mapbox.js",
      },
      Object {
        "description": "Upload a floorplan to create an indoor map.",
        "layout": "page",
        "path": "/help/tutorials/indoor-floorplans/",
        "title": "Build indoor floorplans with Mapbox",
      },
      Object {
        "description": "Determine whether the device is in China and then load a corresponding map style.",
        "layout": "page",
        "path": "/help/tutorials/android-global-china-mix/",
        "title": "Build one set of code for China and global map styles",
      },
      Object {
        "description": "Alter a template style to create a custom map style.",
        "layout": "page",
        "path": "/help/tutorials/create-a-custom-style/",
        "title": "Create a custom style",
      },
      Object {
        "description": "Use the Mapbox Maps SDK for Unity to create a visualization of 3D buildings on top of a 3D terrain map for use in a Unity application.",
        "layout": "page",
        "path": "/help/tutorials/create-a-map-in-unity/",
        "title": "Create a map in Unity",
      },
      Object {
        "description": "Learn how to use the Mapbox Maps SDK for iOS with SwiftUI to create a map view, add an annotation, and add a fill layer to the map.",
        "layout": "page",
        "path": "/help/tutorials/ios-swiftui/",
        "title": "Create a map view compatible with SwiftUI",
      },
      Object {
        "description": "Create a timezone finder app with Mapbox Tilequery API.",
        "layout": "page",
        "path": "/help/tutorials/create-a-timezone-finder-with-mapbox-tilequery-api/",
        "title": "Create a timezone finder with Mapbox Tilequery API",
      },
      Object {
        "description": "Use Microsoft Power BI to create a custom data visualization.",
        "layout": "page",
        "path": "/help/tutorials/power-bi/",
        "title": "Create data visualizations with the Mapbox Visual for Power BI",
      },
      Object {
        "description": "Use feature state and expressions with Mapbox GL JS to dynamically style individual features in a map that shows earthquakes from the past week.",
        "layout": "page",
        "path": "/help/tutorials/create-interactive-hover-effects-with-mapbox-gl-js/",
        "title": "Create interactive hover effects with Mapbox GL JS",
      },
      Object {
        "description": "Walk through creating permanent and temporary access tokens using the Tokens API.",
        "layout": "page",
        "path": "/help/tutorials/get-started-tokens-api/",
        "title": "Creating access tokens with the Tokens API",
      },
      Object {
        "description": "Draw custom detections using device built-in camera.",
        "layout": "page",
        "path": "/help/tutorials/android-vision-custom-detections-tutorial/",
        "title": "Custom detections using Mapbox Vision SDK for Android",
      },
      Object {
        "description": "Use a custom map style from Mapbox Studio in a Unity application.",
        "layout": "page",
        "path": "/help/tutorials/unity-custom-map-style/",
        "title": "Custom map styles in Unity",
      },
      Object {
        "description": "Use expressions in Mapbox Studio to alter a single label.",
        "layout": "page",
        "path": "/help/tutorials/customize-label-text/",
        "title": "Customize label text for a single label",
      },
      Object {
        "description": "Create a map for Android that styles a circle based on a data attribute.",
        "layout": "page",
        "path": "/help/tutorials/android-dds-circle-layer/",
        "title": "Data-driven styling for Android",
      },
      Object {
        "description": "Join data with v2 of the Mapbox Boundaries tileset.",
        "layout": "page",
        "path": "/help/tutorials/data-joins-with-mapbox-boundaries/",
        "title": "Data-joins with Mapbox Boundaries",
      },
      Object {
        "description": "Use coordinate transformations to draw a point of interest (POI) on the screen from its geolocation using the Vision SDK for Android.",
        "layout": "page",
        "path": "/help/tutorials/android-vision-poi-drawing/",
        "title": "Draw points of interest using the Mapbox Vision SDK for Android",
      },
      Object {
        "description": "Use coordinate transformations to draw a point of interest (POI) on the screen from its geolocation using the Vision SDK for iOS.",
        "layout": "page",
        "path": "/help/tutorials/ios-vision-poi-drawing/",
        "title": "Draw points of interest using the Mapbox Vision SDK for iOS",
      },
      Object {
        "description": "Use Vision Safety module to read the situation on the road and create custom safety alerts.",
        "layout": "page",
        "path": "/help/tutorials/ios-vision-safety-alerts/",
        "title": "Draw safety alerts using the Mapbox Vision SDK for iOS",
      },
      Object {
        "description": "Extend the Mapbox Boundaries tileset.",
        "layout": "page",
        "path": "/help/tutorials/extend-mapbox-boundaries/",
        "title": "Extend Mapbox Boundaries",
      },
      Object {
        "description": "Meet Mapbox.js - the toolset for creating interactions and greater customization of your map and data.",
        "layout": "page",
        "path": "/help/tutorials/extending-interactivity/",
        "title": "Extend with Mapbox.js",
      },
      Object {
        "description": "Use the Mapbox Tilequery API and the Mapbox Terrain tileset to create an app that returns the elevation at a specified coordinate.",
        "layout": "page",
        "path": "/help/tutorials/find-elevations-with-tilequery-api/",
        "title": "Find elevations with the Tilequery API",
      },
      Object {
        "description": "Walk through installing the Mapbox Maps SDK for Android, getting a map on the screen, and changing the map style.",
        "layout": "page",
        "path": "/help/tutorials/first-steps-android-sdk/",
        "title": "First steps with the Mapbox Maps SDK for Android",
      },
      Object {
        "description": "Walk through installing the Mapbox Maps SDK for iOS, getting a map on the screen, and placing a pin on it.",
        "layout": "page",
        "path": "/help/tutorials/first-steps-ios-sdk/",
        "title": "First steps with the Mapbox Maps SDK for iOS",
      },
      Object {
        "description": "Use the Mapbox Optimization API to generate a duration-optimized route between several points.",
        "layout": "page",
        "path": "/help/tutorials/optimization-api/",
        "title": "Generate an optimized route with the Optimization API",
      },
      Object {
        "description": "Take your non-georeferenced aerial image or historical map and get it onto a Mapbox map with the help of QGIS.",
        "layout": "page",
        "path": "/help/tutorials/georeferencing-imagery/",
        "title": "Georeference imagery",
      },
      Object {
        "description": "This feature is in beta. Learn how to use the Tilesets CLI, a tool for accessing Mapbox Tiling Service (MTS), to create new Mapbox tilesets.",
        "layout": "page",
        "path": "/help/tutorials/get-started-mts-and-tilesets-cli/",
        "title": "Get started using Mapbox Tiling Service and the Tilesets CLI",
      },
      Object {
        "description": "Create a map for iOS that styles a circle based on a data attribute.",
        "layout": "page",
        "path": "/help/tutorials/ios-dds-circle-layer/",
        "title": "Get started with expressions using the Mapbox Maps SDK for iOS",
      },
      Object {
        "description": "Get started with v3 of the Mapbox Boundaries tileset.",
        "layout": "page",
        "path": "/help/tutorials/get-started-mapbox-boundaries/",
        "title": "Get started with Mapbox Boundaries",
      },
      Object {
        "description": "Get started with v1 of the Mapbox Boundaries tileset.",
        "layout": "page",
        "path": "/help/tutorials/get-started-mapbox-boundaries-v1/",
        "title": "Get started with Mapbox Boundaries v1",
      },
      Object {
        "description": "Get started with v2 of the Mapbox Boundaries tileset.",
        "layout": "page",
        "path": "/help/tutorials/get-started-mapbox-boundaries-v2/",
        "title": "Get started with Mapbox Boundaries v2",
      },
      Object {
        "description": "Learn how to write expressions in Mapbox GL JS.",
        "layout": "page",
        "path": "/help/tutorials/mapbox-gl-js-expressions/",
        "title": "Get started with Mapbox GL JS expressions",
      },
      Object {
        "description": "Create a web app using the Mapbox Isochrone API that allows users to visualize how far they could walk, bike, or drive within a given amount of time.",
        "layout": "page",
        "path": "/help/tutorials/get-started-isochrone-api/",
        "title": "Get started with the Isochrone API",
      },
      Object {
        "description": "Create a web app that uses the Mapbox Map Matching API to allow users to specify their own driving route.",
        "layout": "page",
        "path": "/help/tutorials/get-started-map-matching-api/",
        "title": "Get started with the Map Matching API",
      },
      Object {
        "description": "Add routing capabilities to your application with the Mapbox Directions API.",
        "layout": "page",
        "path": "/help/tutorials/getting-started-directions-api/",
        "title": "Getting started with the Mapbox Directions API",
      },
      Object {
        "description": "Use the Static Images API to create an instant image of your map while Mapbox GL JS loads in the background.",
        "layout": "page",
        "path": "/help/tutorials/improve-perceived-performance-with-static/",
        "title": "Improve perceived performance of Mapbox GL JS using the Static Images API",
      },
      Object {
        "description": "This tutorial guides you through the process of creating a local search app using optional parameters from the Mapbox Geocoding API.",
        "layout": "page",
        "path": "/help/tutorials/local-search-geocoding-api/",
        "title": "Local search with the Geocoding API",
      },
      Object {
        "description": "Create a choropleth data map with the Mapbox Visual for Microsoft Power BI.",
        "layout": "page",
        "path": "/help/tutorials/power-bi-choropleth-map/",
        "title": "Make a choropleth map with the Mapbox Visual for Power BI",
      },
      Object {
        "description": "Upload custom data to Mapbox Studio, add it to a template style, and use filters to style your data.",
        "layout": "page",
        "path": "/help/tutorials/choropleth-studio-gl-pt-1/",
        "title": "Make a choropleth map, part 1: create a style",
      },
      Object {
        "description": "Publish your style with Mapbox GL JS, create a legend, and add interactive elements.",
        "layout": "page",
        "path": "/help/tutorials/choropleth-studio-gl-pt-2/",
        "title": "Make a choropleth map, part 2: add interactivity",
      },
      Object {
        "description": "Create a web app that uses the Mapbox Tilequery API in concert with the Mapbox Geocoding API to show all stores that sell food that are located within one mile of a query point.",
        "layout": "page",
        "path": "/help/tutorials/tilequery-healthy-food-finder/",
        "title": "Make a healthy food finder with the Tilequery API",
      },
      Object {
        "description": "Add custom HTML markers, style them, and add tooltips with Mapbox GL JS.",
        "layout": "page",
        "path": "/help/tutorials/make-a-heatmap-with-mapbox-gl-js/",
        "title": "Make a heatmap with Mapbox GL JS",
      },
      Object {
        "description": "Learn how to add and configure a heatmap layer using Mapbox Studio.",
        "layout": "page",
        "path": "/help/tutorials/studio-heatmap-tutorial/",
        "title": "Make a heatmap with Mapbox Studio",
      },
      Object {
        "description": "Query data in v2 of the Mapbox Boundaries tileset.",
        "layout": "page",
        "path": "/help/tutorials/point-in-polygon-query-with-mapbox-boundaries/",
        "title": "Point-in-polygon query with Mapbox Boundaries",
      },
      Object {
        "description": "Learn how to find satellite raster data, process it using the Rasterio command-line tool, and publish it on a webpage.",
        "layout": "page",
        "path": "/help/tutorials/processing-satellite-imagery/",
        "title": "Processing satellite imagery",
      },
      Object {
        "description": "Learn how to build route avoidance into your navigation app using the Mapbox Directions API, Turf.js, and Mapbox GL JS.",
        "layout": "page",
        "path": "/help/tutorials/route-avoidance-with-turf-mapbox-directions/",
        "title": "Route avoidance with the Directions API and Turf.js",
      },
      Object {
        "description": "Change various properties of a map based on user interaction and other \\"runtime\\" situations.",
        "layout": "page",
        "path": "/help/tutorials/android-runtime-styling-intro/",
        "title": "Runtime styling for Android",
      },
      Object {
        "description": "Build a map application with Mapbox GL JS to visualize changes in data over time.",
        "layout": "page",
        "path": "/help/tutorials/show-changes-over-time/",
        "title": "Show changes over time with Mapbox GL JS",
      },
      Object {
        "description": "This guide walks you through all the code that you need to build a store locator which lets you search for the nearest location.",
        "layout": "page",
        "path": "/help/tutorials/geocode-and-sort-stores/",
        "title": "Sort stores by distance",
      },
      Object {
        "description": "Find and upload open source data to style in Mapbox Studio.",
        "layout": "page",
        "path": "/help/tutorials/style-single-country/",
        "title": "Style a single country",
      },
      Object {
        "description": "Are you using the Google Maps API? This guide walks you through how to convert a Google web map to a Mapbox web map using Mapbox GL JS.",
        "layout": "page",
        "path": "/help/tutorials/google-to-mapbox/",
        "title": "Switch from Google Maps to Mapbox",
      },
      Object {
        "description": "Display a Mapbox map on an Android device and receive updates on the device's current location.",
        "layout": "page",
        "path": "/help/tutorials/android-location-listening/",
        "title": "Tracking device location for Android",
      },
      Object {
        "description": "Learn how to use the Mapbox Uploads API.",
        "layout": "page",
        "path": "/help/tutorials/upload-curl/",
        "title": "Upload to Mapbox using cURL",
      },
      Object {
        "description": "Create a React web app that uses Mapbox GL JS to render a map.",
        "layout": "page",
        "path": "/help/tutorials/use-mapbox-gl-js-with-react/",
        "title": "Use Mapbox GL JS in a React app",
      },
      Object {
        "description": "Learn how to use Mapbox with OpenLayers.",
        "layout": "page",
        "path": "/help/tutorials/mapbox-with-openlayers/",
        "title": "Use Mapbox with OpenLayers",
      },
      Object {
        "description": "Create a web app that uses Mapbox.js and the Static Tiles API when WebGL is not supported.",
        "layout": "page",
        "path": "/help/tutorials/use-mapbox-js-as-fallback/",
        "title": "Use Mapbox.js as a fallback",
      },
      Object {
        "description": "Implement a custom VideoSource that feeds video stream from the USB camera to the Mapbox Vision SDK for Android.",
        "layout": "page",
        "path": "/help/tutorials/android-vision-sdk-usb-camera/",
        "title": "Use the Mapbox Vision SDK for Android with an external USB camera",
      },
      Object {
        "description": "Create isochrones with the Mapbox Isochrone and Mapbox Tiling Service, and perform geofencing with the Mapbox Tilequery API.",
        "layout": "page",
        "path": "/help/tutorials/geofencing-with-isochrones-and-tilesets/",
        "title": "Using geofences for location-based notifications and events",
      },
      Object {
        "description": "This tutorial demonstrates how you can apply custom styles to a Static Image by including style parameters in the API request.",
        "layout": "page",
        "path": "/help/tutorials/static-images-style-params/",
        "title": "Using style parameters with the Static Images API",
      },
      Object {
        "description": "Use a helper library add a multi-colored line to a static map image.",
        "layout": "page",
        "path": "/help/tutorials/add-gradient-route-line-video/",
        "title": "Video: Add a gradient route line to a map",
      },
      Object {
        "description": "Change or hide a label by applying a data condition or filter.",
        "layout": "page",
        "path": "/help/tutorials/customize-label-text-video/",
        "title": "Video: Customize or hide text for a single label",
      },
      Object {
        "description": "Follow these steps to modernize your favorite Mapbox Studio Classic style.",
        "layout": "page",
        "path": "/help/tutorials/update-studio-classic-style-video/",
        "title": "Video: Recreate a classic style in modern Mapbox Studio",
      },
      Object {
        "description": "Add custom, interactive markers to your map with Mapbox.js.",
        "layout": "page",
        "path": "/help/tutorials/markers-js/",
        "title": "Work with markers in Mapbox.js",
      },
    ],
    "path": "/help/tutorials/",
    "title": "Tutorials",
  },
  Object {
    "id": "troubleshooting",
    "navOrder": 4,
    "pages": Array [
      Object {
        "description": "Learn how to access elevation data in Mapbox tilesets.",
        "layout": "page",
        "path": "/help/troubleshooting/access-elevation-data/",
        "title": "Access elevation data",
      },
      Object {
        "description": "Follow these best practices when formatting addresses for geocoding.",
        "layout": "page",
        "path": "/help/troubleshooting/address-geocoding-format-guide/",
        "title": "Address geocoding format guide",
      },
      Object {
        "description": "Learn how to manually adjust the zoom extent of your tilesets.",
        "layout": "page",
        "path": "/help/troubleshooting/adjust-tileset-zoom-extent/",
        "title": "Adjust the zoom extent of your tileset",
      },
      Object {
        "description": "Learn why you may be seeing blank or missing tiles.",
        "layout": "page",
        "path": "/help/troubleshooting/blank-tiles/",
        "title": "Blank or missing map tiles",
      },
      Object {
        "description": "Learn which browsers support each Mapbox product.",
        "layout": "page",
        "path": "/help/troubleshooting/mapbox-browser-support/",
        "title": "Browser support",
      },
      Object {
        "description": "Learn about available languages and how to change your map’s language.",
        "layout": "page",
        "path": "/help/troubleshooting/change-language/",
        "title": "Change your map’s label language",
      },
      Object {
        "description": "Learn best practices for setting up an account and collaborating on projects.",
        "layout": "page",
        "path": "/help/troubleshooting/collaboration-best-practices/",
        "title": "Collaboration best practices",
      },
      Object {
        "description": "Learn how to address CORS errors.",
        "layout": "page",
        "path": "/help/troubleshooting/cors-errors/",
        "title": "CORS errors",
      },
      Object {
        "description": "Learn how to fix errors when uploading CSV files.",
        "layout": "page",
        "path": "/help/troubleshooting/csv-upload-errors/",
        "title": "CSV file errors",
      },
      Object {
        "description": "Methods to re-format, query, and export PostGIS data into a Mapbox Studio ready format.",
        "layout": "page",
        "path": "/help/troubleshooting/postgis-data-studio-format/",
        "title": "Get your PostGIS data ready for Mapbox Studio",
      },
      Object {
        "description": "Learn about all the different options for support while you are building location applications with Mapbox.",
        "layout": "page",
        "path": "/help/troubleshooting/implementation-support/",
        "title": "How to get support while building with Mapbox",
      },
      Object {
        "description": "Learn to troubleshoot common account lockout scenarios.",
        "layout": "page",
        "path": "/help/troubleshooting/account-lockout/",
        "title": "How to regain access to your account",
      },
      Object {
        "description": "Learn how to use Mapbox securely.",
        "layout": "page",
        "path": "/help/troubleshooting/how-to-use-mapbox-securely/",
        "title": "How to use Mapbox securely",
      },
      Object {
        "description": "Learn how to improve the performance of your Mapbox GL JS maps.",
        "layout": "page",
        "path": "/help/troubleshooting/mapbox-gl-js-performance/",
        "title": "Improve the performance of Mapbox GL JS maps",
      },
      Object {
        "description": "General configuration guidance and tips for using the Mapbox Visual in Microsoft Power BI.",
        "layout": "page",
        "path": "/help/troubleshooting/integrate-mapbox-visual-with-power-bi/",
        "title": "Integrate the Mapbox Visual with Microsoft Power BI",
      },
      Object {
        "description": "Learn how to protect your access tokens so that they aren't used by others.",
        "layout": "page",
        "path": "/help/troubleshooting/private-access-token-android-and-ios/",
        "title": "Keep access tokens private in open source iOS and Android apps",
      },
      Object {
        "description": "Learn how to manage big data files and make a scale-independent view of your data.",
        "layout": "page",
        "path": "/help/troubleshooting/large-data-tippecanoe/",
        "title": "Manage large data files for Mapbox Studio with Tippecanoe",
      },
      Object {
        "description": "Learn how to manage fontstacks for optimal rendering.",
        "layout": "page",
        "path": "/help/troubleshooting/manage-fontstacks/",
        "title": "Manage your fontstacks",
      },
      Object {
        "description": "Follow these practices to optimize your tileset processing and tileset hosting costs when you tile data using Mapbox Tiling Service (MTS) or the Mapbox Uploads API.",
        "layout": "page",
        "path": "/help/troubleshooting/manage-tileset-costs/",
        "title": "Manage your tileset processing and tileset hosting costs",
      },
      Object {
        "description": "Tips for upgrading to the latest Mapbox base map tileset.",
        "layout": "page",
        "path": "/help/troubleshooting/streets-v8-migration-guide/",
        "title": "Migrate from Mapbox Streets v7 to v8",
      },
      Object {
        "description": "Tools and tips for updating to the modern Static Images API.",
        "layout": "page",
        "path": "/help/troubleshooting/migrate-legacy-static-images-api/",
        "title": "Migrating to the modern Static Images API",
      },
      Object {
        "description": "Update your Leaflet.js or Mapbox.js implementation to use the modern Mapbox Static Tiles API.",
        "layout": "page",
        "path": "/help/troubleshooting/migrate-legacy-static-tiles-api/",
        "title": "Migrating to the modern Static Tiles API",
      },
      Object {
        "description": "Learn about how offline maps work.",
        "layout": "page",
        "path": "/help/troubleshooting/mobile-offline/",
        "title": "Offline maps",
      },
      Object {
        "description": "Optimize label placement on web and mobile maps.",
        "layout": "page",
        "path": "/help/troubleshooting/optimize-map-label-placement/",
        "title": "Optimize map label placement",
      },
      Object {
        "description": "Learn how to report errors on Mapbox maps.",
        "layout": "page",
        "path": "/help/troubleshooting/reporting-a-problem/",
        "title": "Report a problem with the map",
      },
      Object {
        "description": "Read about strategies for reducing the number of tileset sources in Mapbox Studio styles.",
        "layout": "page",
        "path": "/help/troubleshooting/reduce-tileset-sources/",
        "title": "Source limits in Mapbox Studio styles",
      },
      Object {
        "description": "Learn how to transfer Mapbox styles between accounts.",
        "layout": "page",
        "path": "/help/troubleshooting/transfer-styles-between-accounts/",
        "title": "Transfer styles between accounts",
      },
      Object {
        "description": "Learn about transitioning from using Mapbox.js to using Mapbox GL JS in your apps.",
        "layout": "page",
        "path": "/help/troubleshooting/transition-from-mapbox-js-to-mapbox-gl-js/",
        "title": "Transition from Mapbox.js to Mapbox GL JS",
      },
      Object {
        "description": "Learn how to fix raster images that display black backgrounds.",
        "layout": "page",
        "path": "/help/troubleshooting/raster-transparency-issues/",
        "title": "Troubleshoot raster image with black background",
      },
      Object {
        "description": "Learn how to troubleshoot frequently seen issues when submitting applications built with the Mapbox Maps SDK for iOS to the App Store.",
        "layout": "page",
        "path": "/help/troubleshooting/ios-sdk-submission/",
        "title": "Troubleshooting App Store submission with the Mapbox Maps SDK for iOS",
      },
      Object {
        "description": "Learn how to troubleshoot frequently seen issues when installing the Mapbox Maps SDK for iOS.",
        "layout": "page",
        "path": "/help/troubleshooting/ios-sdk-installation/",
        "title": "Troubleshooting Mapbox Maps SDK for iOS installation",
      },
      Object {
        "description": "Learn how to fix SVG upload errors in Mapbox Studio.",
        "layout": "page",
        "path": "/help/troubleshooting/studio-svg-upload-errors/",
        "title": "Troubleshooting SVG image errors in Mapbox Studio",
      },
      Object {
        "description": "Learn how to measure and optimize your Android app’s size.",
        "layout": "page",
        "path": "/help/troubleshooting/android-apk-size/",
        "title": "Understanding Android APK size",
      },
      Object {
        "description": "Learn how to measure and optimize your iOS app’s size.",
        "layout": "page",
        "path": "/help/troubleshooting/ios-framework-size/",
        "title": "Understanding iOS framework size",
      },
      Object {
        "description": "Learn how to prepare data for upload, interpret error messages, and troubleshoot failed uploads.",
        "layout": "page",
        "path": "/help/troubleshooting/uploads/",
        "title": "Upload data to Mapbox",
      },
      Object {
        "description": "General configuration guidance and tips for using custom Mapbox maps in Tableau.",
        "layout": "page",
        "path": "/help/troubleshooting/use-custom-mapbox-styles-in-tableau/",
        "title": "Use custom Mapbox styles in Tableau",
      },
      Object {
        "description": "Learn how Mapbox uses recolorable images in maps including SDF-enabled images and iOS's template rendering mode.",
        "layout": "page",
        "path": "/help/troubleshooting/using-recolorable-images-in-mapbox-maps/",
        "title": "Using recolorable images in Mapbox maps",
      },
      Object {
        "description": "General troubleshooting tips and some configuration guidance for working with Mapbox behind a firewall.",
        "layout": "page",
        "path": "/help/troubleshooting/firewalls/",
        "title": "Working with firewalls",
      },
      Object {
        "description": "Strategies for handling large GeoJSON sources with GL JS.",
        "layout": "page",
        "path": "/help/troubleshooting/working-with-large-geojson-data/",
        "title": "Working with large GeoJSON sources in Mapbox GL JS",
      },
    ],
    "path": "/help/troubleshooting/",
    "title": "Troubleshooting",
  },
  Object {
    "id": "glossary",
    "navOrder": 5,
    "pages": Array [
      Object {
        "description": "Mapbox uses access tokens to associate your account with your requests to Mapbox API resources.",
        "layout": "page",
        "path": "/help/glossary/access-token/",
        "title": "access token",
      },
      Object {
        "description": "An annotation is a defined location on a map in the Mapbox Maps SDK for iOS.",
        "layout": "page",
        "path": "/help/glossary/annotation/",
        "title": "annotation",
      },
      Object {
        "description": "Attribution is the combination of two visual elements that are placed on all Mapbox maps, stating that a map was created with Mapbox tools and data.",
        "layout": "page",
        "path": "/help/glossary/attribution/",
        "title": "attribution",
      },
      Object {
        "description": "A baselayer was a map style designed in Mapbox Studio Classic. Mapbox Studio, the modern alternative to Mapbox Studio Classic, does not use baselayers.",
        "layout": "page",
        "path": "/help/glossary/baselayer/",
        "title": "baselayer",
      },
      Object {
        "description": "Bearing is the direction you're facing, as measured from a compass.",
        "layout": "page",
        "path": "/help/glossary/bearing/",
        "title": "bearing",
      },
      Object {
        "description": "A bounding box is a mechanism for describing a particular area of a map.",
        "layout": "page",
        "path": "/help/glossary/bounding-box/",
        "title": "bounding box",
      },
      Object {
        "description": "In maps that use Mapbox GL, the camera is a map's field of view.",
        "layout": "page",
        "path": "/help/glossary/camera/",
        "title": "camera",
      },
      Object {
        "description": "CartoCSS was a language used by Mapbox Studio Classic to build classic styles. Mapbox Studio, the modern alternative to Mapbox Studio Classic, does not use CartoCSS.",
        "layout": "page",
        "path": "/help/glossary/cartocss/",
        "title": "CartoCSS",
      },
      Object {
        "description": "A classic style was a map style made with Mapbox Studio Classic. Mapbox Studio, the modern alternative to Mapbox Studio Classic, does not use classic styles.",
        "layout": "page",
        "path": "/help/glossary/classic-style/",
        "title": "classic style",
      },
      Object {
        "description": "The CSV (comma-separated values) format can be used for mapping if the file contains geographic information.",
        "layout": "page",
        "path": "/help/glossary/csv/",
        "title": "CSV",
      },
      Object {
        "description": "Data-driven styling allows you to style spatial data based on its properties.",
        "layout": "page",
        "path": "/help/glossary/data-driven-styling/",
        "title": "data-driven styling",
      },
      Object {
        "description": "A dataset is an editable collection of GeoJSON features.",
        "layout": "page",
        "path": "/help/glossary/dataset/",
        "title": "dataset",
      },
      Object {
        "description": "Use the dataset ID to make requests related to the dataset using the Datasets API.",
        "layout": "page",
        "path": "/help/glossary/dataset-id/",
        "title": "dataset ID",
      },
      Object {
        "description": "The Mapbox Datasets API allows you to read, create, update, and remove datasets and dataset features.",
        "layout": "page",
        "path": "/help/glossary/datasets-api/",
        "title": "Datasets API",
      },
      Object {
        "description": "With the Mapbox Directions API, you can add routing with turn-by-turn directions to your map.",
        "layout": "page",
        "path": "/help/glossary/directions-api/",
        "title": "Directions API",
      },
      Object {
        "description": "An expression defines a formula for computing the value of any layout property, paint property, or filter within a map style.",
        "layout": "page",
        "path": "/help/glossary/expression/",
        "title": "expression",
      },
      Object {
        "description": "A geospatial feature refers to an individual point, line, or polygon in a dataset or in a tileset.",
        "layout": "page",
        "path": "/help/glossary/features/",
        "title": "feature",
      },
      Object {
        "description": "Feature querying is the process by which features in a tileset are identified at a specific location.",
        "layout": "page",
        "path": "/help/glossary/feature-querying/",
        "title": "feature querying",
      },
      Object {
        "description": "A filter, also known as a predicate within iOS and macOS, gives you fine-grained control over the content of a style layer.",
        "layout": "page",
        "path": "/help/glossary/filter/",
        "title": "filter",
      },
      Object {
        "description": "A font stack is a collection of fonts that belong to an individual layer within a style.",
        "layout": "page",
        "path": "/help/glossary/font-stack/",
        "title": "font stack",
      },
      Object {
        "description": "Geocoding is the process of taking an address or name of a place and converting it into latitude and longitude values.",
        "layout": "page",
        "path": "/help/glossary/geocoding/",
        "title": "geocoding",
      },
      Object {
        "description": "The Mapbox Geocoding API performs two main tasks, forward geocoding and reverse geocoding.",
        "layout": "page",
        "path": "/help/glossary/geocoding-api/",
        "title": "Geocoding API",
      },
      Object {
        "description": "GeoJSON is a file format for representing map data. Mapbox web services and APIs serve geospatial data as GeoJSON.",
        "layout": "page",
        "path": "/help/glossary/geojson/",
        "title": "GeoJSON",
      },
      Object {
        "description": "GPX (GPS eXchange format) is a data format commonly created from GPS receivers.",
        "layout": "page",
        "path": "/help/glossary/gpx/",
        "title": "GPX",
      },
      Object {
        "description": "An iframe is an HTML element that allows you to embed a map into a website.",
        "layout": "page",
        "path": "/help/glossary/iframe/",
        "title": "iframe",
      },
      Object {
        "description": "The Mapbox Isochrone API allows you to request polygon or line features that show areas that are reachable within a specified amount of time from a location.",
        "layout": "page",
        "path": "/help/glossary/isochrone-api/",
        "title": "Isochrone API",
      },
      Object {
        "description": "KML is a geospatial file format that’s commonly used in Google products.",
        "layout": "page",
        "path": "/help/glossary/kml/",
        "title": "KML",
      },
      Object {
        "description": "Latitude and longitude are a pair of numbers (coordinates) used to describe a position on the plane of a geographic coordinate system.",
        "layout": "page",
        "path": "/help/glossary/lat-lon/",
        "title": "latitude and longitude",
      },
      Object {
        "description": "Layout and paint properties are two sub-properties of a layer that decides how data from the layer is rendered in maps that use Mapbox GL.",
        "layout": "page",
        "path": "/help/glossary/layout-paint-property/",
        "title": "layout and paint properties",
      },
      Object {
        "description": "Leaflet is an open-source web mapping library that forms the basis of Mapbox.js.",
        "layout": "page",
        "path": "/help/glossary/leaflet/",
        "title": "Leaflet",
      },
      Object {
        "description": "The Maki icon set is used in map styles. It includes common point of interest icons.",
        "layout": "page",
        "path": "/help/glossary/maki/",
        "title": "Maki icon set",
      },
      Object {
        "description": "Map ID is a deprecated term for the unique identifier used to identify a tileset. This identifier is now called a tileset ID.",
        "layout": "page",
        "path": "/help/glossary/map-id/",
        "title": "map ID",
      },
      Object {
        "description": "A map load occurs whenever a Mapbox GL JS \`Map\` object is initialized on a webpage. It is used to track map usage on the web.",
        "layout": "page",
        "path": "/help/glossary/map-loads/",
        "title": "map loads",
      },
      Object {
        "description": "The Mapbox Map Matching API allows you to take recorded traces, such as the data from a GPS tracker, and snap them to the OpenStreetMap road and path network.",
        "layout": "page",
        "path": "/help/glossary/map-matching-api/",
        "title": "Map Matching API",
      },
      Object {
        "description": "Map views were formerly used as a unit of measurement to track map usage on the web. Map views are now deprecated.",
        "layout": "page",
        "path": "/help/glossary/map-view/",
        "title": "map view",
      },
      Object {
        "description": "The Mapbox components for Framer X can be used to add interactive maps to Framer prototypes.",
        "layout": "page",
        "path": "/help/glossary/mapbox-components-for-framer-x/",
        "title": "Mapbox components for Framer X",
      },
      Object {
        "description": "Mapbox Editor was an online interface for designing maps that has been deprecated. Mapbox Studio is the modern alternative to Mapbox Editor.",
        "layout": "page",
        "path": "/help/glossary/mapbox-editor/",
        "title": "Mapbox Editor",
      },
      Object {
        "description": "Mapbox GL is a suite of open-source libraries for embedding customizable and responsive client-side maps in web, mobile, and desktop applications.",
        "layout": "page",
        "path": "/help/glossary/mapbox-gl/",
        "title": "Mapbox GL",
      },
      Object {
        "description": "Mapbox GL JS is a JavaScript library that uses Mapbox GL to render interactive maps.",
        "layout": "page",
        "path": "/help/glossary/mapbox-gl-js/",
        "title": "Mapbox GL JS",
      },
      Object {
        "description": "The Mapbox Maps SDK for Android is an open-source toolset for building mapping applications for Android devices.",
        "layout": "page",
        "path": "/help/glossary/mapbox-android-sdk/",
        "title": "Mapbox Maps SDK for Android",
      },
      Object {
        "description": "The Mapbox Maps SDK for iOS is an open-source toolset for building mapping applications for iPhone and iPad devices.",
        "layout": "page",
        "path": "/help/glossary/mapbox-ios-sdk/",
        "title": "Mapbox Maps SDK for iOS",
      },
      Object {
        "description": "The Mapbox Maps SDK for Unity is an open-source toolset for building location-based augmented and virtual reality applications with Unity, using real map data.",
        "layout": "page",
        "path": "/help/glossary/mapbox-maps-sdk-for-unity/",
        "title": "Mapbox Maps SDK for Unity",
      },
      Object {
        "description": "Elements are the source and destination coordinate pairs used in a Mapbox Matrix API request.",
        "layout": "page",
        "path": "/help/glossary/matrix-api-elements/",
        "title": "Mapbox Matrix API elements",
      },
      Object {
        "description": "The Mapbox Navigation SDKs for iOS and Android provide open-source toolsets for integrating turn-by-turn navigation within mobile applications.",
        "layout": "page",
        "path": "/help/glossary/mapbox-navigation-sdk/",
        "title": "Mapbox Navigation SDKs",
      },
      Object {
        "description": "Mapbox Satellite is a global tileset of high-resolution satellite imagery.",
        "layout": "page",
        "path": "/help/glossary/mapbox-satellite/",
        "title": "Mapbox Satellite",
      },
      Object {
        "description": "Mapbox Studio is a web application for creating map styles and managing your datasets and tilesets.",
        "layout": "page",
        "path": "/help/glossary/mapbox-studio/",
        "title": "Mapbox Studio",
      },
      Object {
        "description": "Mapbox Studio Classic was a desktop application for designing classic styles. Mapbox Studio is the modern alternative to Mapbox Studio Classic.",
        "layout": "page",
        "path": "/help/glossary/mapbox-studio-classic/",
        "title": "Mapbox Studio Classic",
      },
      Object {
        "description": "Mapbox Tiling Service (MTS) allows you to list, delete, and retrieve TileJSON metadata for raster and vector tilesets.",
        "layout": "page",
        "path": "/help/glossary/mapbox-tiling-service/",
        "title": "Mapbox Tiling Service (MTS)",
      },
      Object {
        "description": "Mapbox.js is no longer in active development. Mapbox.js is a JavaScript library that allows you to add a map to your website.",
        "layout": "page",
        "path": "/help/glossary/mapbox-js/",
        "title": "Mapbox.js",
      },
      Object {
        "description": "Mapnik is an open-source toolkit for developing mapping applications.",
        "layout": "page",
        "path": "/help/glossary/mapnik/",
        "title": "Mapnik",
      },
      Object {
        "description": "The Maps SDK for React Native is a community-managed React Native library for integrating Mapbox maps into mobile apps.",
        "layout": "page",
        "path": "/help/glossary/maps-sdk-for-react-native/",
        "title": "Maps SDK for React Native",
      },
      Object {
        "description": "A marker is a visual representation of a specific coordinate on a map.",
        "layout": "page",
        "path": "/help/glossary/marker/",
        "title": "marker",
      },
      Object {
        "description": "The Mapbox Matrix API calculates travel times between many points in one API request.",
        "layout": "page",
        "path": "/help/glossary/matrix-api/",
        "title": "Matrix API",
      },
      Object {
        "description": "MBTiles is a file format for storing tilesets.",
        "layout": "page",
        "path": "/help/glossary/mbtiles/",
        "title": "MBTiles",
      },
      Object {
        "description": "Monthly active users (MAU) is the number of users who accessed Mapbox services within your applications during a given month.",
        "layout": "page",
        "path": "/help/glossary/monthly-active-users/",
        "title": "monthly active users",
      },
      Object {
        "description": "An offline region is a defined region of a map that is available for use in conditions with limited or no network connection.",
        "layout": "page",
        "path": "/help/glossary/offline-region/",
        "title": "offline regions and offline packs",
      },
      Object {
        "description": "OpenStreetMap is a collaborative mapping project that creates a world map.",
        "layout": "page",
        "path": "/help/glossary/osm/",
        "title": "OpenStreetMap",
      },
      Object {
        "description": "The Mapbox Optimization API returns a duration-optimized route between provided input coordinates.",
        "layout": "page",
        "path": "/help/glossary/optimization-api/",
        "title": "Optimization API",
      },
      Object {
        "description": "Overzoom is the result of a tileset being zoomed in beyond its given zoom extent.",
        "layout": "page",
        "path": "/help/glossary/overzoom/",
        "title": "overzoom",
      },
      Object {
        "description": "A point is a geospatial feature defined by one pair of latitude and longitude coordinates.",
        "layout": "page",
        "path": "/help/glossary/point/",
        "title": "point",
      },
      Object {
        "description": "Projections are methods of transforming the coordinates of locations on the planet to a two-dimensional plane.",
        "layout": "page",
        "path": "/help/glossary/projection/",
        "title": "projection",
      },
      Object {
        "description": "Map tiles are stored in a quadtree data structure.",
        "layout": "page",
        "path": "/help/glossary/quadtree/",
        "title": "quadtree",
      },
      Object {
        "description": "Raster data is a pixel-based data format used in raster tilesets.",
        "layout": "page",
        "path": "/help/glossary/raster/",
        "title": "raster data",
      },
      Object {
        "description": "The Mapbox Raster Tiles API allows you to request a single tile from a Mapbox-hosted raster tileset.",
        "layout": "page",
        "path": "/help/glossary/raster-tiles-api/",
        "title": "Raster Tiles API",
      },
      Object {
        "description": "A routing profile is a set of rules that a routing engine uses to find the optimal route between two points.",
        "layout": "page",
        "path": "/help/glossary/routing-profile/",
        "title": "routing profile",
      },
      Object {
        "description": "Runtime styling allows you to dynamically change the map style displayed on your Mapbox map in real time.",
        "layout": "page",
        "path": "/help/glossary/runtime-styling/",
        "title": "runtime styling",
      },
      Object {
        "description": "A shapefile is a file format for storing geographic vector data.",
        "layout": "page",
        "path": "/help/glossary/shapefile/",
        "title": "shapefile",
      },
      Object {
        "description": "Simplestyle is an open source specification for styling GeoJSON data used in Mapbox.js and in GeoJSON overlays in the Static Images API.",
        "layout": "page",
        "path": "/help/glossary/simplestyle/",
        "title": "simplestyle",
      },
      Object {
        "description": "SKU tokens are used by some SDKs for tracking usage.",
        "layout": "page",
        "path": "/help/glossary/sku-token/",
        "title": "SKU tokens",
      },
      Object {
        "description": "A source supplies the data that Mapbox GL displays on a map.",
        "layout": "page",
        "path": "/help/glossary/source/",
        "title": "source",
      },
      Object {
        "description": "A source layer is an individual layer of data within a source.",
        "layout": "page",
        "path": "/help/glossary/source-layer/",
        "title": "source layer",
      },
      Object {
        "description": "A sprite is a single image that contains all the icons included in a style.",
        "layout": "page",
        "path": "/help/glossary/sprite/",
        "title": "sprite",
      },
      Object {
        "description": "The Mapbox Static Images API allows you to request a standalone, static image of a map generated from a Mapbox GL-based style.",
        "layout": "page",
        "path": "/help/glossary/static-images-api/",
        "title": "Static Images API",
      },
      Object {
        "description": "The Mapbox Static Tiles API serves raster tiles generated from a Mapbox GL style.",
        "layout": "page",
        "path": "/help/glossary/static-tiles-api/",
        "title": "Static Tiles API",
      },
      Object {
        "description": "A style is a JSON document that defines the visual appearance of a map.",
        "layout": "page",
        "path": "/help/glossary/style/",
        "title": "style",
      },
      Object {
        "description": "A style component is a collection of related map features that you style as a single unit in the Mapbox Studio style editor. Each component can contain one or more layers.",
        "layout": "page",
        "path": "/help/glossary/style-component/",
        "title": "style component",
      },
      Object {
        "description": "A style ID is a map style's unique identifier.",
        "layout": "page",
        "path": "/help/glossary/style-id/",
        "title": "style ID",
      },
      Object {
        "description": "A style layer is used to add styling rules to a specific subset of data in a map style.",
        "layout": "page",
        "path": "/help/glossary/layer/",
        "title": "style layer",
      },
      Object {
        "description": "A style URL allows you to reference a style created with Mapbox Studio.",
        "layout": "page",
        "path": "/help/glossary/style-url/",
        "title": "style URL",
      },
      Object {
        "description": "Style-optimized vector tiles remove any layers or features in a tile that are not represented by a given Mapbox style.",
        "layout": "page",
        "path": "/help/glossary/style-optimized-vector-tiles/",
        "title": "style-optimized vector tiles",
      },
      Object {
        "description": "The Mapbox Styles API allows you to programmatically read and write map styles, fonts, and sprites.",
        "layout": "page",
        "path": "/help/glossary/styles-api/",
        "title": "Styles API",
      },
      Object {
        "description": "Scalable Vector Graphics (SVG) is a markup language for describing two-dimensional vector graphics.",
        "layout": "page",
        "path": "/help/glossary/svg/",
        "title": "SVG",
      },
      Object {
        "description": "A symbol layer is a layer in which icons or text are added to a Mapbox map.",
        "layout": "page",
        "path": "/help/glossary/symbol-layer/",
        "title": "symbol layer",
      },
      Object {
        "description": "Telemetry is a process in which automatic sensors create and update maps by gathering anonymized data about where and how people are moving.",
        "layout": "page",
        "path": "/help/glossary/telemetry/",
        "title": "telemetry",
      },
      Object {
        "description": "TIFF is a file format for saving raster images.",
        "layout": "page",
        "path": "/help/glossary/tiff/",
        "title": "TIFF",
      },
      Object {
        "description": "TileJSON is a format for describing tilesets.",
        "layout": "page",
        "path": "/help/glossary/tilejson/",
        "title": "TileJSON",
      },
      Object {
        "description": "TileMill was a desktop application for designing maps that has been deprecated. Mapbox Studio is the modern alternative to TileMill.",
        "layout": "page",
        "path": "/help/glossary/tilemill/",
        "title": "TileMill",
      },
      Object {
        "description": "The Mapbox Tilequery API allows you to retrieve data about specific features from a vector tileset, based on a given latitude and longitude.",
        "layout": "page",
        "path": "/help/glossary/tilequery-api/",
        "title": "Tilequery API",
      },
      Object {
        "description": "A tileset is a collection of raster or vector data broken up into a uniform grid of square tiles at 22 preset zoom levels.",
        "layout": "page",
        "path": "/help/glossary/tileset/",
        "title": "tileset",
      },
      Object {
        "description": "Tileset IDs, previously known as Map IDs, are used to identify vector and raster tilesets.",
        "layout": "page",
        "path": "/help/glossary/tileset-id/",
        "title": "tileset ID",
      },
      Object {
        "description": "This feature is in beta. Tileset recipes describe how tileset source data should look and behave when a tileset is published by Mapbox Tiling Service (MTS).",
        "layout": "page",
        "path": "/help/glossary/tileset-recipe/",
        "title": "tileset recipe",
      },
      Object {
        "description": "This feature is in beta. Tileset sources are line-delimited GeoJSON sources used to create new tilesets using Mapbox Tiling Service (MTS).",
        "layout": "page",
        "path": "/help/glossary/tileset-source/",
        "title": "tileset source",
      },
      Object {
        "description": "The Mapbox Tokens API allows you to create, edit, and delete access tokens.",
        "layout": "page",
        "path": "/help/glossary/tokens-api/",
        "title": "Tokens API",
      },
      Object {
        "description": "Turf.js is an open-source JavaScript library used for spatial analysis.",
        "layout": "page",
        "path": "/help/glossary/turf/",
        "title": "Turf.js",
      },
      Object {
        "description": "The Mapbox Uploads API transforms geographic data into tilesets that can be used with maps and geographic applications.",
        "layout": "page",
        "path": "/help/glossary/uploads-api/",
        "title": "Uploads API",
      },
      Object {
        "description": "A vector tile is a lightweight data format for storing geospatial vector data, such as points, lines, and polygons.",
        "layout": "page",
        "path": "/help/glossary/vector-tiles/",
        "title": "vector tiles",
      },
      Object {
        "description": "The Mapbox Vector Tiles API allows you to request a single tile from a Mapbox-hosted vector tileset.",
        "layout": "page",
        "path": "/help/glossary/vector-tiles-api/",
        "title": "Vector Tiles API",
      },
      Object {
        "description": "The WordPress map block allows WordPress users to add a Mapbox map to any post or page.",
        "layout": "page",
        "path": "/help/glossary/wordpress/",
        "title": "WordPress map block",
      },
      Object {
        "description": "In Mapbox vector tilesets, the \\"worldview\\" data field is used to identify geographic features whose characteristics are defined differently by various groups.",
        "layout": "page",
        "path": "/help/glossary/worldview/",
        "title": "worldview",
      },
      Object {
        "description": "The zoom extent is the range of zoom levels at which a tileset is visible.",
        "layout": "page",
        "path": "/help/glossary/zoom-extent/",
        "title": "zoom extent",
      },
      Object {
        "description": "A zoom level determines how much of a map is visible.",
        "layout": "page",
        "path": "/help/glossary/zoom-level/",
        "title": "zoom level",
      },
    ],
    "path": "/help/glossary/",
    "title": "Glossary",
  },
]
`;

exports[`buildNavigation hideFromNav, removes items 1`] = `
Object {
  "hierarchy": Object {
    "/dr-ui/level-one/": Object {
      "parent": "/dr-ui/level-one/",
      "title": "Top page",
    },
    "/dr-ui/level-one/a/": Object {
      "parent": "/dr-ui/level-one/",
      "title": "Top page",
    },
    "/dr-ui/level-one/b/": Object {
      "parent": "/dr-ui/level-one/",
      "title": "Top page",
    },
  },
  "navTabs": Array [
    Object {
      "id": "top-page",
      "navOrder": 1,
      "pages": Array [
        Object {
          "description": undefined,
          "layout": "page",
          "path": "/dr-ui/level-one/b/",
          "title": "Page b",
        },
      ],
      "path": "/dr-ui/level-one/",
      "title": "Top page",
    },
  ],
}
`;

exports[`buildNavigation multi structure 1`] = `
Object {
  "beta/navigation": Object {
    "navTabs": Array [
      Object {
        "id": "overview",
        "navOrder": 1,
        "pages": Array [
          Object {
            "description": "Learn about different layout options.",
            "layout": "page",
            "order": 2,
            "path": "/docs-starter-kit/beta/navigation/overview/layouts/",
            "section": "beta/navigation",
            "title": "Layouts",
          },
          Object {
            "description": "How to add pages to the top and side navigation.",
            "layout": "page",
            "order": 3,
            "path": "/docs-starter-kit/beta/navigation/overview/navigation/",
            "section": "beta/navigation",
            "title": "Navigation",
          },
          Object {
            "description": "How to add images, videos, gifs.",
            "layout": "page",
            "order": 4,
            "path": "/docs-starter-kit/beta/navigation/overview/images/",
            "section": "beta/navigation",
            "title": "Images and videos",
          },
          Object {
            "description": "How to store constants in your repository.",
            "layout": "page",
            "order": 5,
            "path": "/docs-starter-kit/beta/navigation/overview/constants/",
            "section": "beta/navigation",
            "title": "Constants",
          },
          Object {
            "description": "Learn about all the options for adding data to your page.",
            "layout": "page",
            "order": 6,
            "path": "/docs-starter-kit/beta/navigation/overview/frontmatter/",
            "section": "beta/navigation",
            "tag": "fundamentals",
            "title": "Frontmatter",
          },
        ],
        "path": "/docs-starter-kit/beta/navigation/overview/",
        "title": "Overview",
      },
      Object {
        "id": "specification",
        "navOrder": 2,
        "pages": Array [],
        "path": "/docs-starter-kit/beta/navigation/specification/",
        "title": "Specification",
      },
      Object {
        "id": "examples",
        "navOrder": 3,
        "pages": Array [],
        "path": "/docs-starter-kit/beta/navigation/examples/",
        "title": "Examples",
      },
    ],
    "path": "beta/navigation",
    "tag": "beta",
    "title": "Beta Navigation SDK for iOS",
  },
  "hierarchy": Object {
    "/docs-starter-kit/beta/navigation/examples/": Object {
      "parent": "/docs-starter-kit/beta/navigation/examples/",
      "section": Object {
        "path": "beta/navigation",
        "title": "Beta Navigation SDK for iOS",
      },
      "title": "Examples",
    },
    "/docs-starter-kit/beta/navigation/examples/example-1/": Object {
      "parent": "/docs-starter-kit/beta/navigation/examples/",
      "section": Object {
        "path": "beta/navigation",
        "title": "Beta Navigation SDK for iOS",
      },
      "title": "Examples",
    },
    "/docs-starter-kit/beta/navigation/examples/example-2/": Object {
      "parent": "/docs-starter-kit/beta/navigation/examples/",
      "section": Object {
        "path": "beta/navigation",
        "title": "Beta Navigation SDK for iOS",
      },
      "title": "Examples",
    },
    "/docs-starter-kit/beta/navigation/examples/example-3/": Object {
      "parent": "/docs-starter-kit/beta/navigation/examples/",
      "section": Object {
        "path": "beta/navigation",
        "title": "Beta Navigation SDK for iOS",
      },
      "title": "Examples",
    },
    "/docs-starter-kit/beta/navigation/overview/": Object {
      "parent": "/docs-starter-kit/beta/navigation/overview/",
      "section": Object {
        "path": "beta/navigation",
        "title": "Beta Navigation SDK for iOS",
      },
      "title": "Overview",
    },
    "/docs-starter-kit/beta/navigation/overview/constants/": Object {
      "parent": "/docs-starter-kit/beta/navigation/overview/",
      "section": Object {
        "path": "beta/navigation",
        "title": "Beta Navigation SDK for iOS",
      },
      "title": "Overview",
    },
    "/docs-starter-kit/beta/navigation/overview/frontmatter/": Object {
      "parent": "/docs-starter-kit/beta/navigation/overview/",
      "section": Object {
        "path": "beta/navigation",
        "title": "Beta Navigation SDK for iOS",
      },
      "title": "Overview",
    },
    "/docs-starter-kit/beta/navigation/overview/images/": Object {
      "parent": "/docs-starter-kit/beta/navigation/overview/",
      "section": Object {
        "path": "beta/navigation",
        "title": "Beta Navigation SDK for iOS",
      },
      "title": "Overview",
    },
    "/docs-starter-kit/beta/navigation/overview/layouts/": Object {
      "parent": "/docs-starter-kit/beta/navigation/overview/",
      "section": Object {
        "path": "beta/navigation",
        "title": "Beta Navigation SDK for iOS",
      },
      "title": "Overview",
    },
    "/docs-starter-kit/beta/navigation/overview/navigation/": Object {
      "parent": "/docs-starter-kit/beta/navigation/overview/",
      "section": Object {
        "path": "beta/navigation",
        "title": "Beta Navigation SDK for iOS",
      },
      "title": "Overview",
    },
    "/docs-starter-kit/beta/navigation/specification/": Object {
      "parent": "/docs-starter-kit/beta/navigation/specification/",
      "section": Object {
        "path": "beta/navigation",
        "title": "Beta Navigation SDK for iOS",
      },
      "title": "Specification",
    },
    "/docs-starter-kit/maps/examples/": Object {
      "parent": "/docs-starter-kit/maps/examples/",
      "section": Object {
        "path": "maps",
        "title": "Maps SDK for iOS",
      },
      "title": "Examples",
    },
    "/docs-starter-kit/maps/examples/example-1/": Object {
      "parent": "/docs-starter-kit/maps/examples/",
      "section": Object {
        "path": "maps",
        "title": "Maps SDK for iOS",
      },
      "title": "Examples",
    },
    "/docs-starter-kit/maps/examples/example-2/": Object {
      "parent": "/docs-starter-kit/maps/examples/",
      "section": Object {
        "path": "maps",
        "title": "Maps SDK for iOS",
      },
      "title": "Examples",
    },
    "/docs-starter-kit/maps/examples/example-3/": Object {
      "parent": "/docs-starter-kit/maps/examples/",
      "section": Object {
        "path": "maps",
        "title": "Maps SDK for iOS",
      },
      "title": "Examples",
    },
    "/docs-starter-kit/maps/overview/": Object {
      "parent": "/docs-starter-kit/maps/overview/",
      "section": Object {
        "path": "maps",
        "title": "Maps SDK for iOS",
      },
      "title": "Overview",
    },
    "/docs-starter-kit/maps/overview/constants/": Object {
      "parent": "/docs-starter-kit/maps/overview/",
      "section": Object {
        "path": "maps",
        "title": "Maps SDK for iOS",
      },
      "title": "Overview",
    },
    "/docs-starter-kit/maps/overview/frontmatter/": Object {
      "parent": "/docs-starter-kit/maps/overview/",
      "section": Object {
        "path": "maps",
        "title": "Maps SDK for iOS",
      },
      "title": "Overview",
    },
    "/docs-starter-kit/maps/overview/images/": Object {
      "parent": "/docs-starter-kit/maps/overview/",
      "section": Object {
        "path": "maps",
        "title": "Maps SDK for iOS",
      },
      "title": "Overview",
    },
    "/docs-starter-kit/maps/overview/layouts/": Object {
      "parent": "/docs-starter-kit/maps/overview/",
      "section": Object {
        "path": "maps",
        "title": "Maps SDK for iOS",
      },
      "title": "Overview",
    },
    "/docs-starter-kit/maps/overview/navigation/": Object {
      "parent": "/docs-starter-kit/maps/overview/",
      "section": Object {
        "path": "maps",
        "title": "Maps SDK for iOS",
      },
      "title": "Overview",
    },
    "/docs-starter-kit/maps/specification/": Object {
      "parent": "/docs-starter-kit/maps/specification/",
      "section": Object {
        "path": "maps",
        "title": "Maps SDK for iOS",
      },
      "title": "Specification",
    },
    "/docs-starter-kit/navigation/examples/": Object {
      "parent": "/docs-starter-kit/navigation/examples/",
      "section": Object {
        "path": "navigation",
        "title": "Navigation SDK for iOS",
      },
      "title": "Examples",
    },
    "/docs-starter-kit/navigation/examples/example-1/": Object {
      "parent": "/docs-starter-kit/navigation/examples/",
      "section": Object {
        "path": "navigation",
        "title": "Navigation SDK for iOS",
      },
      "title": "Examples",
    },
    "/docs-starter-kit/navigation/examples/example-2/": Object {
      "parent": "/docs-starter-kit/navigation/examples/",
      "section": Object {
        "path": "navigation",
        "title": "Navigation SDK for iOS",
      },
      "title": "Examples",
    },
    "/docs-starter-kit/navigation/examples/example-3/": Object {
      "parent": "/docs-starter-kit/navigation/examples/",
      "section": Object {
        "path": "navigation",
        "title": "Navigation SDK for iOS",
      },
      "title": "Examples",
    },
    "/docs-starter-kit/navigation/overview/": Object {
      "parent": "/docs-starter-kit/navigation/overview/",
      "section": Object {
        "path": "navigation",
        "title": "Navigation SDK for iOS",
      },
      "title": "Overview",
    },
    "/docs-starter-kit/navigation/overview/constants/": Object {
      "parent": "/docs-starter-kit/navigation/overview/",
      "section": Object {
        "path": "navigation",
        "title": "Navigation SDK for iOS",
      },
      "title": "Overview",
    },
    "/docs-starter-kit/navigation/overview/frontmatter/": Object {
      "parent": "/docs-starter-kit/navigation/overview/",
      "section": Object {
        "path": "navigation",
        "title": "Navigation SDK for iOS",
      },
      "title": "Overview",
    },
    "/docs-starter-kit/navigation/overview/images/": Object {
      "parent": "/docs-starter-kit/navigation/overview/",
      "section": Object {
        "path": "navigation",
        "title": "Navigation SDK for iOS",
      },
      "title": "Overview",
    },
    "/docs-starter-kit/navigation/overview/layouts/": Object {
      "parent": "/docs-starter-kit/navigation/overview/",
      "section": Object {
        "path": "navigation",
        "title": "Navigation SDK for iOS",
      },
      "title": "Overview",
    },
    "/docs-starter-kit/navigation/overview/navigation/": Object {
      "parent": "/docs-starter-kit/navigation/overview/",
      "section": Object {
        "path": "navigation",
        "title": "Navigation SDK for iOS",
      },
      "title": "Overview",
    },
    "/docs-starter-kit/navigation/specification/": Object {
      "parent": "/docs-starter-kit/navigation/specification/",
      "section": Object {
        "path": "navigation",
        "title": "Navigation SDK for iOS",
      },
      "title": "Specification",
    },
    "/docs-starter-kit/vision/examples/": Object {
      "parent": "/docs-starter-kit/vision/examples/",
      "section": Object {
        "path": "vision",
        "title": "Vision SDK for iOS",
      },
      "title": "Examples",
    },
    "/docs-starter-kit/vision/examples/example-1/": Object {
      "parent": "/docs-starter-kit/vision/examples/",
      "section": Object {
        "path": "vision",
        "title": "Vision SDK for iOS",
      },
      "title": "Examples",
    },
    "/docs-starter-kit/vision/examples/example-2/": Object {
      "parent": "/docs-starter-kit/vision/examples/",
      "section": Object {
        "path": "vision",
        "title": "Vision SDK for iOS",
      },
      "title": "Examples",
    },
    "/docs-starter-kit/vision/examples/example-3/": Object {
      "parent": "/docs-starter-kit/vision/examples/",
      "section": Object {
        "path": "vision",
        "title": "Vision SDK for iOS",
      },
      "title": "Examples",
    },
    "/docs-starter-kit/vision/overview/": Object {
      "parent": "/docs-starter-kit/vision/overview/",
      "section": Object {
        "path": "vision",
        "title": "Vision SDK for iOS",
      },
      "title": "Overview",
    },
    "/docs-starter-kit/vision/overview/constants/": Object {
      "parent": "/docs-starter-kit/vision/overview/",
      "section": Object {
        "path": "vision",
        "title": "Vision SDK for iOS",
      },
      "title": "Overview",
    },
    "/docs-starter-kit/vision/overview/frontmatter/": Object {
      "parent": "/docs-starter-kit/vision/overview/",
      "section": Object {
        "path": "vision",
        "title": "Vision SDK for iOS",
      },
      "title": "Overview",
    },
    "/docs-starter-kit/vision/overview/images/": Object {
      "parent": "/docs-starter-kit/vision/overview/",
      "section": Object {
        "path": "vision",
        "title": "Vision SDK for iOS",
      },
      "title": "Overview",
    },
    "/docs-starter-kit/vision/overview/layouts/": Object {
      "parent": "/docs-starter-kit/vision/overview/",
      "section": Object {
        "path": "vision",
        "title": "Vision SDK for iOS",
      },
      "title": "Overview",
    },
    "/docs-starter-kit/vision/overview/navigation/": Object {
      "parent": "/docs-starter-kit/vision/overview/",
      "section": Object {
        "path": "vision",
        "title": "Vision SDK for iOS",
      },
      "title": "Overview",
    },
    "/docs-starter-kit/vision/specification/": Object {
      "parent": "/docs-starter-kit/vision/specification/",
      "section": Object {
        "path": "vision",
        "title": "Vision SDK for iOS",
      },
      "title": "Specification",
    },
  },
  "maps": Object {
    "navTabs": Array [
      Object {
        "id": "overview",
        "navOrder": 1,
        "pages": Array [
          Object {
            "description": "Learn about different layout options.",
            "layout": "page",
            "order": 2,
            "path": "/docs-starter-kit/maps/overview/layouts/",
            "section": "maps",
            "title": "Layouts",
          },
          Object {
            "description": "How to add pages to the top and side navigation.",
            "layout": "page",
            "order": 3,
            "path": "/docs-starter-kit/maps/overview/navigation/",
            "section": "maps",
            "title": "Navigation",
          },
          Object {
            "description": "How to add images, videos, gifs.",
            "layout": "page",
            "order": 4,
            "path": "/docs-starter-kit/maps/overview/images/",
            "section": "maps",
            "title": "Images and videos",
          },
          Object {
            "description": "How to store constants in your repository.",
            "layout": "page",
            "order": 5,
            "path": "/docs-starter-kit/maps/overview/constants/",
            "section": "maps",
            "title": "Constants",
          },
          Object {
            "description": "Learn about all the options for adding data to your page.",
            "layout": "page",
            "order": 6,
            "path": "/docs-starter-kit/maps/overview/frontmatter/",
            "section": "maps",
            "tag": "fundamentals",
            "title": "Frontmatter",
          },
        ],
        "path": "/docs-starter-kit/maps/overview/",
        "title": "Overview",
      },
      Object {
        "id": "specification",
        "navOrder": 2,
        "pages": Array [],
        "path": "/docs-starter-kit/maps/specification/",
        "title": "Specification",
      },
      Object {
        "id": "examples",
        "navOrder": 3,
        "pages": Array [],
        "path": "/docs-starter-kit/maps/examples/",
        "title": "Examples",
      },
    ],
    "path": "maps",
    "title": "Maps SDK for iOS",
  },
  "navigation": Object {
    "navTabs": Array [
      Object {
        "id": "overview",
        "navOrder": 1,
        "pages": Array [
          Object {
            "description": "Learn about different layout options.",
            "layout": "page",
            "order": 2,
            "path": "/docs-starter-kit/navigation/overview/layouts/",
            "section": "navigation",
            "title": "Layouts",
          },
          Object {
            "description": "How to add pages to the top and side navigation.",
            "layout": "page",
            "order": 3,
            "path": "/docs-starter-kit/navigation/overview/navigation/",
            "section": "navigation",
            "title": "Navigation",
          },
          Object {
            "description": "How to add images, videos, gifs.",
            "layout": "page",
            "order": 4,
            "path": "/docs-starter-kit/navigation/overview/images/",
            "section": "navigation",
            "title": "Images and videos",
          },
          Object {
            "description": "How to store constants in your repository.",
            "layout": "page",
            "order": 5,
            "path": "/docs-starter-kit/navigation/overview/constants/",
            "section": "navigation",
            "title": "Constants",
          },
          Object {
            "description": "Learn about all the options for adding data to your page.",
            "layout": "page",
            "order": 6,
            "path": "/docs-starter-kit/navigation/overview/frontmatter/",
            "section": "navigation",
            "tag": "fundamentals",
            "title": "Frontmatter",
          },
        ],
        "path": "/docs-starter-kit/navigation/overview/",
        "title": "Overview",
      },
      Object {
        "id": "specification",
        "navOrder": 2,
        "pages": Array [],
        "path": "/docs-starter-kit/navigation/specification/",
        "title": "Specification",
      },
      Object {
        "id": "examples",
        "navOrder": 3,
        "pages": Array [],
        "path": "/docs-starter-kit/navigation/examples/",
        "title": "Examples",
      },
    ],
    "path": "navigation",
    "title": "Navigation SDK for iOS",
  },
  "vision": Object {
    "navTabs": Array [
      Object {
        "id": "overview",
        "navOrder": 1,
        "pages": Array [
          Object {
            "description": "Learn about different layout options.",
            "layout": "page",
            "order": 2,
            "path": "/docs-starter-kit/vision/overview/layouts/",
            "section": "vision",
            "title": "Layouts",
          },
          Object {
            "description": "How to add pages to the top and side navigation.",
            "layout": "page",
            "order": 3,
            "path": "/docs-starter-kit/vision/overview/navigation/",
            "section": "vision",
            "title": "Navigation",
          },
          Object {
            "description": "How to add images, videos, gifs.",
            "layout": "page",
            "order": 4,
            "path": "/docs-starter-kit/vision/overview/images/",
            "section": "vision",
            "title": "Images and videos",
          },
          Object {
            "description": "How to store constants in your repository.",
            "layout": "page",
            "order": 5,
            "path": "/docs-starter-kit/vision/overview/constants/",
            "section": "vision",
            "title": "Constants",
          },
          Object {
            "description": "Learn about all the options for adding data to your page.",
            "layout": "page",
            "order": 6,
            "path": "/docs-starter-kit/vision/overview/frontmatter/",
            "section": "vision",
            "tag": "fundamentals",
            "title": "Frontmatter",
          },
        ],
        "path": "/docs-starter-kit/vision/overview/",
        "title": "Overview",
      },
      Object {
        "id": "specification",
        "navOrder": 2,
        "pages": Array [],
        "path": "/docs-starter-kit/vision/specification/",
        "title": "Specification",
      },
      Object {
        "id": "examples",
        "navOrder": 3,
        "pages": Array [],
        "path": "/docs-starter-kit/vision/examples/",
        "title": "Examples",
      },
    ],
    "path": "vision",
    "title": "Vision SDK for iOS",
  },
}
`;

exports[`buildNavigation single structure 1`] = `
Object {
  "hierarchy": Object {
    "/dr-ui/components/": Object {
      "parent": "/dr-ui/components/",
      "title": "Components",
    },
    "/dr-ui/examples/": Object {
      "parent": "/dr-ui/examples/",
      "title": "Examples",
    },
    "/dr-ui/examples/example-1/": Object {
      "parent": "/dr-ui/examples/",
      "title": "Examples",
    },
    "/dr-ui/examples/example-2/": Object {
      "parent": "/dr-ui/examples/",
      "title": "Examples",
    },
    "/dr-ui/examples/example-3/": Object {
      "parent": "/dr-ui/examples/",
      "title": "Examples",
    },
    "/dr-ui/examples/example-4/": Object {
      "parent": "/dr-ui/examples/",
      "title": "Examples",
    },
    "/dr-ui/examples/example-5/": Object {
      "parent": "/dr-ui/examples/",
      "title": "Examples",
    },
    "/dr-ui/guides/": Object {
      "parent": "/dr-ui/guides/",
      "title": "Guides",
    },
    "/dr-ui/guides/batfish-helpers/": Object {
      "parent": "/dr-ui/guides/",
      "title": "Guides",
    },
    "/dr-ui/guides/grouped-guides/": Object {
      "parent": "/dr-ui/guides/",
      "title": "Guides",
    },
    "/dr-ui/guides/grouped-guides/file-structure/": Object {
      "parent": "/dr-ui/guides/grouped-guides/",
      "title": "Grouped guides",
    },
    "/dr-ui/guides/grouped-guides/frontmatter/": Object {
      "parent": "/dr-ui/guides/grouped-guides/",
      "title": "Grouped guides",
    },
    "/dr-ui/guides/grouped-guides/resulting-ui/": Object {
      "parent": "/dr-ui/guides/grouped-guides/",
      "title": "Grouped guides",
    },
    "/dr-ui/guides/multi-structured/": Object {
      "parent": "/dr-ui/guides/",
      "title": "Guides",
    },
    "/dr-ui/guides/page-layout/": Object {
      "parent": "/dr-ui/guides/",
      "title": "Guides",
    },
    "/dr-ui/guides/split-pages/": Object {
      "parent": "/dr-ui/guides/",
      "title": "Guides",
    },
    "/dr-ui/guides/test-pages/": Object {
      "parent": "/dr-ui/guides/",
      "title": "Guides",
    },
    "/dr-ui/guides/test-pages/a11y/": Object {
      "parent": "/dr-ui/guides/test-pages/",
      "title": "Test pages",
    },
    "/dr-ui/guides/test-pages/headings/": Object {
      "parent": "/dr-ui/guides/test-pages/",
      "title": "Test pages",
    },
  },
  "navTabs": Array [
    Object {
      "id": "components",
      "navOrder": 1,
      "pages": Array [],
      "path": "/dr-ui/components/",
      "title": "Components",
    },
    Object {
      "id": "guides",
      "navOrder": 2,
      "pages": Array [
        Object {
          "description": "Batfish data selector functions to build navigation and topic datasets.",
          "layout": "page",
          "order": 2,
          "path": "/dr-ui/guides/batfish-helpers/",
          "title": "Batfish helpers",
        },
        Object {
          "description": "Create a group of guides that related to a single topic.",
          "group": true,
          "layout": "page",
          "order": 3,
          "path": "/dr-ui/guides/grouped-guides/",
          "subPages": Array [
            Object {
              "description": "How to set up your src/pages/ folder to use grouped guides.",
              "groupOrder": 1,
              "layout": "page",
              "path": "/dr-ui/guides/grouped-guides/file-structure/",
              "title": "File structure",
            },
            Object {
              "description": "There are two frontmatter fields needed to make grouped guides work: group and groupOrder.",
              "groupOrder": 2,
              "layout": "page",
              "path": "/dr-ui/guides/grouped-guides/frontmatter/",
              "title": "Frontmatter",
            },
            Object {
              "description": "This section of the catalog site illustrates how grouped guides look and work.",
              "groupOrder": 3,
              "layout": "page",
              "path": "/dr-ui/guides/grouped-guides/resulting-ui/",
              "title": "Resulting UI",
            },
          ],
          "title": "Grouped guides",
        },
        Object {
          "description": "All about building with PageLayout.",
          "layout": "page",
          "order": 3,
          "path": "/dr-ui/guides/page-layout/",
          "title": "PageLayout component",
        },
        Object {
          "description": "This is the first section",
          "layout": "page",
          "order": 3,
          "path": "/dr-ui/guides/split-pages/",
          "splitPages": true,
          "title": "Split pages",
        },
        Object {
          "description": "How to build a site with more than one product.",
          "layout": "page",
          "order": 4,
          "path": "/dr-ui/guides/multi-structured/",
          "title": "Multi-structured sites",
        },
        Object {
          "description": "A group of test pages.",
          "group": true,
          "layout": "page",
          "order": 6,
          "path": "/dr-ui/guides/test-pages/",
          "subPages": Array [
            Object {
              "description": "Page for testing accessibility of components.",
              "groupOrder": 1,
              "layout": "page",
              "path": "/dr-ui/guides/test-pages/a11y/",
              "title": "Accessibility test page",
            },
            Object {
              "description": "Page for testing headings.",
              "groupOrder": 2,
              "layout": "page",
              "path": "/dr-ui/guides/test-pages/headings/",
              "title": "Headings",
            },
          ],
          "title": "Test pages",
        },
        Object {
          "description": "Page for testing accessibility of components.",
          "groupOrder": 1,
          "layout": "page",
          "path": "/dr-ui/guides/test-pages/a11y/",
          "title": "Accessibility test page",
        },
        Object {
          "description": "How to set up your src/pages/ folder to use grouped guides.",
          "groupOrder": 1,
          "layout": "page",
          "path": "/dr-ui/guides/grouped-guides/file-structure/",
          "title": "File structure",
        },
        Object {
          "description": "There are two frontmatter fields needed to make grouped guides work: group and groupOrder.",
          "groupOrder": 2,
          "layout": "page",
          "path": "/dr-ui/guides/grouped-guides/frontmatter/",
          "title": "Frontmatter",
        },
        Object {
          "description": "Page for testing headings.",
          "groupOrder": 2,
          "layout": "page",
          "path": "/dr-ui/guides/test-pages/headings/",
          "title": "Headings",
        },
        Object {
          "description": "This section of the catalog site illustrates how grouped guides look and work.",
          "groupOrder": 3,
          "layout": "page",
          "path": "/dr-ui/guides/grouped-guides/resulting-ui/",
          "title": "Resulting UI",
        },
      ],
      "path": "/dr-ui/guides/",
      "title": "Guides",
    },
    Object {
      "id": "examples",
      "navOrder": 3,
      "pages": Array [],
      "path": "/dr-ui/examples/",
      "title": "Examples",
    },
  ],
}
`;
