// Jest Snapshot v1, https://goo.gl/fbAQLP

exports[`feedback Basic renders as expected 1`] = `
<button
  className="btn btn--gray btn--stroke"
  onClick={[Function]}
  value="Share"
>
  Share your feedback
</button>
`;

exports[`feedback Change type renders as expected 1`] = `
<button
  className="btn btn--gray btn--stroke"
  onClick={[Function]}
  value="Share"
>
  Share your feedback
</button>
`;
