// Jest Snapshot v1, https://goo.gl/fbAQLP

exports[`navigation-dropdown Basic renders as expected 1`] = `
<div
  className="dr-ui--navigation-dropdown relative"
>
  <div
    aria-expanded={false}
    aria-haspopup="listbox"
    aria-labelledby="navigate-this-section-label"
    aria-owns={null}
    role="combobox"
  >
    <label
      className="hide-visually"
      htmlFor="navigate-this-section-input"
      id="navigate-this-section-label"
    >
      Navigation
    </label>
    <button
      aria-haspopup={true}
      aria-label="open menu"
      className="select select--stroke bg-white round-full txt-truncate"
      data-toggle={true}
      onBlur={[Function]}
      onClick={[Function]}
      onKeyDown={[Function]}
      onKeyUp={[Function]}
      role="button"
      type="button"
    >
      Title one
      <div
        aria-hidden="true"
        className="select-arrow"
      />
    </button>
  </div>
</div>
`;
